Archive member included to satisfy reference by file (symbol)

/Users/zoticus/Documents/LPCXpresso_8.1.4/workspace/lpc_board_nxp_lpcxpresso_4337/Debug/liblpc_board_nxp_lpcxpresso_4337.a(board.o)
                              ./freertos/src/FreeRTOSCommonHooks.o (Board_UARTPutSTR)
/Users/zoticus/Documents/LPCXpresso_8.1.4/workspace/lpc_board_nxp_lpcxpresso_4337/Debug/liblpc_board_nxp_lpcxpresso_4337.a(board_sysinit.o)
                              ./example/src/sysinit.o (Board_SystemInit)
/Users/zoticus/Documents/LPCXpresso_8.1.4/workspace/lpc_board_nxp_lpcxpresso_4337/Debug/liblpc_board_nxp_lpcxpresso_4337.a(wm8904.o)
                              /Users/zoticus/Documents/LPCXpresso_8.1.4/workspace/lpc_board_nxp_lpcxpresso_4337/Debug/liblpc_board_nxp_lpcxpresso_4337.a(board.o) (WM8904_Init)
/Users/zoticus/Documents/LPCXpresso_8.1.4/workspace/lpc_chip_43xx/Debug/liblpc_chip_43xx.a(adc_18xx_43xx.o)
                              ./example/src/blink.o (Chip_ADC_Init)
/Users/zoticus/Documents/LPCXpresso_8.1.4/workspace/lpc_chip_43xx/Debug/liblpc_chip_43xx.a(chip_18xx_43xx.o)
                              ./freertos/src/port.o (SystemCoreClock)
/Users/zoticus/Documents/LPCXpresso_8.1.4/workspace/lpc_chip_43xx/Debug/liblpc_chip_43xx.a(clock_18xx_43xx.o)
                              /Users/zoticus/Documents/LPCXpresso_8.1.4/workspace/lpc_chip_43xx/Debug/liblpc_chip_43xx.a(chip_18xx_43xx.o) (Chip_Clock_GetClockInputHz)
/Users/zoticus/Documents/LPCXpresso_8.1.4/workspace/lpc_chip_43xx/Debug/liblpc_chip_43xx.a(fpu_init.o)
                              ./example/src/sysinit.o (fpuInit)
/Users/zoticus/Documents/LPCXpresso_8.1.4/workspace/lpc_chip_43xx/Debug/liblpc_chip_43xx.a(gpio_18xx_43xx.o)
                              /Users/zoticus/Documents/LPCXpresso_8.1.4/workspace/lpc_board_nxp_lpcxpresso_4337/Debug/liblpc_board_nxp_lpcxpresso_4337.a(board.o) (Chip_GPIO_Init)
/Users/zoticus/Documents/LPCXpresso_8.1.4/workspace/lpc_chip_43xx/Debug/liblpc_chip_43xx.a(i2c_18xx_43xx.o)
                              /Users/zoticus/Documents/LPCXpresso_8.1.4/workspace/lpc_board_nxp_lpcxpresso_4337/Debug/liblpc_board_nxp_lpcxpresso_4337.a(wm8904.o) (Chip_I2C_EventHandlerPolling)
/Users/zoticus/Documents/LPCXpresso_8.1.4/workspace/lpc_chip_43xx/Debug/liblpc_chip_43xx.a(ssp_18xx_43xx.o)
                              /Users/zoticus/Documents/LPCXpresso_8.1.4/workspace/lpc_board_nxp_lpcxpresso_4337/Debug/liblpc_board_nxp_lpcxpresso_4337.a(board.o) (Chip_SSP_WriteFrames_Blocking)
/Users/zoticus/Documents/LPCXpresso_8.1.4/workspace/lpc_chip_43xx/Debug/liblpc_chip_43xx.a(sysinit_18xx_43xx.o)
                              /Users/zoticus/Documents/LPCXpresso_8.1.4/workspace/lpc_board_nxp_lpcxpresso_4337/Debug/liblpc_board_nxp_lpcxpresso_4337.a(board_sysinit.o) (Chip_SetupCoreClock)
/Users/zoticus/Documents/LPCXpresso_8.1.4/workspace/lpc_chip_43xx/Debug/liblpc_chip_43xx.a(uart_18xx_43xx.o)
                              /Users/zoticus/Documents/LPCXpresso_8.1.4/workspace/lpc_board_nxp_lpcxpresso_4337/Debug/liblpc_board_nxp_lpcxpresso_4337.a(board.o) (Chip_UART_Init)
/Users/zoticus/Documents/LPCXpresso_8.1.4/workspace/lpc_chip_43xx/Debug/liblpc_chip_43xx.a(ring_buffer.o)
                              /Users/zoticus/Documents/LPCXpresso_8.1.4/workspace/lpc_chip_43xx/Debug/liblpc_chip_43xx.a(uart_18xx_43xx.o) (RingBuffer_Insert)
/Applications/lpcxpresso_8.1.4_606/lpcxpresso/tools/bin/../lib/gcc/arm-none-eabi/5.2.1/../../../../arm-none-eabi/lib/armv7e-m/softfp/libcr_semihost.a(_cr__main.o)
                              ./example/src/cr_startup_lpc43xx.o (__main)
/Applications/lpcxpresso_8.1.4_606/lpcxpresso/tools/bin/../lib/gcc/arm-none-eabi/5.2.1/../../../../arm-none-eabi/lib/armv7e-m/softfp/libcr_c.a(memcpy.o)
                              ./freertos/src/queue.o (memcpy)
/Applications/lpcxpresso_8.1.4_606/lpcxpresso/tools/bin/../lib/gcc/arm-none-eabi/5.2.1/../../../../arm-none-eabi/lib/armv7e-m/softfp/libcr_c.a(memset.o)
                              ./freertos/src/tasks.o (memset)
/Applications/lpcxpresso_8.1.4_606/lpcxpresso/tools/bin/../lib/gcc/arm-none-eabi/5.2.1/../../../../arm-none-eabi/lib/armv7e-m/softfp/libcr_c.a(alloc.o)
                              ./freertos/src/heap_3.o (malloc)
/Applications/lpcxpresso_8.1.4_606/lpcxpresso/tools/bin/../lib/gcc/arm-none-eabi/5.2.1/../../../../arm-none-eabi/lib/armv7e-m/softfp/libcr_c.a(atan.o)
                              ./example/src/blink.o (atan)
/Applications/lpcxpresso_8.1.4_606/lpcxpresso/tools/bin/../lib/gcc/arm-none-eabi/5.2.1/../../../../arm-none-eabi/lib/armv7e-m/softfp/libcr_c.a(fabs.o)
                              /Applications/lpcxpresso_8.1.4_606/lpcxpresso/tools/bin/../lib/gcc/arm-none-eabi/5.2.1/../../../../arm-none-eabi/lib/armv7e-m/softfp/libcr_c.a(atan.o) (fabs)
/Applications/lpcxpresso_8.1.4_606/lpcxpresso/tools/bin/../lib/gcc/arm-none-eabi/5.2.1/../../../../arm-none-eabi/lib/armv7e-m/softfp/libcr_c.a(fpprintf.o)
[...]
Memory Configuration

Name             Origin             Length             Attributes
MFlashA512       0x000000001a000000 0x0000000000080000 xr
MFlashB512       0x000000001b000000 0x0000000000080000 xr
RamLoc32         0x0000000010000000 0x0000000000008000 xrw
RamLoc40         0x0000000010080000 0x000000000000a000 xrw
RamAHB32         0x0000000020000000 0x0000000000008000 xrw
RamAHB16         0x0000000020008000 0x0000000000004000 xrw
RamAHB_ETB16     0x000000002000c000 0x0000000000004000 xrw
*default*        0x0000000000000000 0xffffffffffffffff

Linker script and memory map

LOAD ./freertos/src/FreeRTOSCommonHooks.o
LOAD ./freertos/src/croutine.o
LOAD ./freertos/src/event_groups.o
LOAD ./freertos/src/heap_3.o
LOAD ./freertos/src/list.o
LOAD ./freertos/src/port.o
LOAD ./freertos/src/queue.o
LOAD ./freertos/src/redlib_memfix.o
LOAD ./freertos/src/tasks.o
LOAD ./freertos/src/timers.o
LOAD ./example/src/blink.o
LOAD ./example/src/cr_startup_lpc43xx.o
LOAD ./example/src/sysinit.o
LOAD /Users/zoticus/Documents/LPCXpresso_8.1.4/workspace/lpc_board_nxp_lpcxpresso_4337/Debug/liblpc_board_nxp_lpcxpresso_4337.a
LOAD /Users/zoticus/Documents/LPCXpresso_8.1.4/workspace/lpc_chip_43xx/Debug/liblpc_chip_43xx.a
START GROUP
LOAD /Applications/lpcxpresso_8.1.4_606/lpcxpresso/tools/bin/../lib/gcc/arm-none-eabi/5.2.1/../../../../arm-none-eabi/lib/armv7e-m/softfp/libcr_semihost.a
LOAD /Applications/lpcxpresso_8.1.4_606/lpcxpresso/tools/bin/../lib/gcc/arm-none-eabi/5.2.1/../../../../arm-none-eabi/lib/armv7e-m/softfp/libcr_c.a
LOAD /Applications/lpcxpresso_8.1.4_606/lpcxpresso/tools/bin/../lib/gcc/arm-none-eabi/5.2.1/armv7e-m/softfp/libcr_eabihelpers.a
END GROUP
                0x000000001a000000                __base_MFlashA512 = 0x1a000000
                0x000000001a000000                __base_Flash = 0x1a000000
                0x000000001a080000                __top_MFlashA512 = 0x1a080000
                0x000000001a080000                __top_Flash = 0x1a080000
                0x000000001b000000                __base_MFlashB512 = 0x1b000000
                0x000000001b000000                __base_Flash2 = 0x1b000000
                0x000000001b080000                __top_MFlashB512 = 0x1b080000
                0x000000001b080000                __top_Flash2 = 0x1b080000
                0x0000000010000000                __base_RamLoc32 = 0x10000000
                0x0000000010000000                __base_RAM = 0x10000000
                0x0000000010008000                __top_RamLoc32 = 0x10008000
                0x0000000010008000                __top_RAM = 0x10008000
                0x0000000010080000                __base_RamLoc40 = 0x10080000
                0x0000000010080000                __base_RAM2 = 0x10080000
                0x000000001008a000                __top_RamLoc40 = 0x1008a000
                0x000000001008a000                __top_RAM2 = 0x1008a000
                0x0000000020000000                __base_RamAHB32 = 0x20000000
                0x0000000020000000                __base_RAM3 = 0x20000000
                0x0000000020008000                __top_RamAHB32 = 0x20008000
                0x0000000020008000                __top_RAM3 = 0x20008000
                0x0000000020008000                __base_RamAHB16 = 0x20008000
                0x0000000020008000                __base_RAM4 = 0x20008000
                0x000000002000c000                __top_RamAHB16 = 0x2000c000
                0x000000002000c000                __top_RAM4 = 0x2000c000
                0x000000002000c000                __base_RamAHB_ETB16 = 0x2000c000
                0x000000002000c000                __base_RAM5 = 0x2000c000
                0x0000000020010000                __top_RamAHB_ETB16 = 0x20010000
                0x0000000020010000                __top_RAM5 = 0x20010000

.text_Flash2    0x000000001b000000        0x0
 FILL mask 0xff
 *(.text_Flash2*)
 *(.text_MFlashB512*)
 *(.text.$Flash2*)
 *(.text.$MFlashB512*)
 *(.rodata.$Flash2*)
 *(.rodata.$MFlashB512*)

.text           0x000000001a000000     0x6100
 FILL mask 0xff
                0x000000001a000000                __vectors_start__ = ABSOLUTE (.)
 *(.isr_vector)
 .isr_vector    0x000000001a000000      0x114 ./example/src/cr_startup_lpc43xx.o
                0x000000001a000000                g_pfnVectors
                0x000000001a000114                . = ALIGN (0x4)
                0x000000001a000114                __section_table_start = .
                0x000000001a000114                __data_section_table = .
                0x000000001a000114        0x4 LONG 0x1a006100 LOADADDR (.data)
                0x000000001a000118        0x4 LONG 0x10000000 ADDR (.data)
                0x000000001a00011c        0x4 LONG 0x8 SIZEOF (.data)
                0x000000001a000120        0x4 LONG 0x1a006100 LOADADDR (.data_RAM2)
                0x000000001a000124        0x4 LONG 0x10080000 ADDR (.data_RAM2)
                0x000000001a000128        0x4 LONG 0x0 SIZEOF (.data_RAM2)
                0x000000001a00012c        0x4 LONG 0x1a006100 LOADADDR (.data_RAM3)
                0x000000001a000130        0x4 LONG 0x20000000 ADDR (.data_RAM3)
                0x000000001a000134        0x4 LONG 0x0 SIZEOF (.data_RAM3)
                0x000000001a000138        0x4 LONG 0x1a006100 LOADADDR (.data_RAM4)
                0x000000001a00013c        0x4 LONG 0x20008000 ADDR (.data_RAM4)
                0x000000001a000140        0x4 LONG 0x0 SIZEOF (.data_RAM4)
                0x000000001a000144        0x4 LONG 0x1a006100 LOADADDR (.data_RAM5)
                0x000000001a000148        0x4 LONG 0x2000c000 ADDR (.data_RAM5)
                0x000000001a00014c        0x4 LONG 0x0 SIZEOF (.data_RAM5)
                0x000000001a000150                __data_section_table_end = .
                0x000000001a000150                __bss_section_table = .
                0x000000001a000150        0x4 LONG 0x10000008 ADDR (.bss)
                0x000000001a000154        0x4 LONG 0x2b4 SIZEOF (.bss)
                0x000000001a000158        0x4 LONG 0x10080000 ADDR (.bss_RAM2)
                0x000000001a00015c        0x4 LONG 0x0 SIZEOF (.bss_RAM2)
                0x000000001a000160        0x4 LONG 0x20000000 ADDR (.bss_RAM3)
                0x000000001a000164        0x4 LONG 0x0 SIZEOF (.bss_RAM3)
                0x000000001a000168        0x4 LONG 0x20008000 ADDR (.bss_RAM4)
                0x000000001a00016c        0x4 LONG 0x0 SIZEOF (.bss_RAM4)
                0x000000001a000170        0x4 LONG 0x2000c000 ADDR (.bss_RAM5)
                0x000000001a000174        0x4 LONG 0x0 SIZEOF (.bss_RAM5)
                0x000000001a000178                __bss_section_table_end = .
                0x000000001a000178                __section_table_end = .
 *(.after_vectors*)
 .after_vectors
                0x000000001a000178       0xcc ./example/src/cr_startup_lpc43xx.o
                0x000000001a000178                data_init
                0x000000001a0001bc                bss_init
                0x000000001a0001f4                NMI_Handler
                0x000000001a0001fc                HardFault_Handler
                0x000000001a000204                MemManage_Handler
                0x000000001a00020c                BusFault_Handler
                0x000000001a000214                UsageFault_Handler
                0x000000001a000224                DebugMon_Handler
                0x000000001a00023c                UART1_IRQHandler
                0x000000001a00023c                GPIO5_IRQHandler
                0x000000001a00023c                CAN1_IRQHandler
                0x000000001a00023c                USB1_IRQHandler
                0x000000001a00023c                I2S0_IRQHandler
                0x000000001a00023c                TIMER3_IRQHandler
                0x000000001a00023c                UART0_IRQHandler
                0x000000001a00023c                SGPIO_IRQHandler
                0x000000001a00023c                ADC0_IRQHandler
                0x000000001a00023c                GPIO6_IRQHandler
                0x000000001a00023c                IntDefaultHandler
                0x000000001a00023c                GPIO1_IRQHandler
                0x000000001a00023c                SSP0_IRQHandler
                0x000000001a00023c                ADC1_IRQHandler
                0x000000001a00023c                RTC_IRQHandler
                0x000000001a00023c                TIMER0_IRQHandler
                0x000000001a00023c                SPI_IRQHandler
                0x000000001a00023c                LCD_IRQHandler
                0x000000001a00023c                TIMER1_IRQHandler
                0x000000001a00023c                UART2_IRQHandler
                0x000000001a00023c                GPIO2_IRQHandler
                0x000000001a00023c                I2S1_IRQHandler
                0x000000001a00023c                SSP1_IRQHandler
                0x000000001a00023c                USB0_IRQHandler
                0x000000001a00023c                GPIO3_IRQHandler
                0x000000001a00023c                SCT_IRQHandler
                0x000000001a00023c                WDT_IRQHandler
                0x000000001a00023c                GPIO7_IRQHandler
                0x000000001a00023c                SPIFI_IRQHandler
                0x000000001a00023c                QEI_IRQHandler
                0x000000001a00023c                ETH_IRQHandler
                0x000000001a00023c                CAN0_IRQHandler
                0x000000001a00023c                GINT0_IRQHandler
                0x000000001a00023c                DAC_IRQHandler
                0x000000001a00023c                M0SUB_IRQHandler
                0x000000001a00023c                GPIO0_IRQHandler
                0x000000001a00023c                DMA_IRQHandler
                0x000000001a00023c                EVRT_IRQHandler
                0x000000001a00023c                UART3_IRQHandler
                0x000000001a00023c                MCPWM_IRQHandler
                0x000000001a00023c                M0APP_IRQHandler
                0x000000001a00023c                GINT1_IRQHandler
                0x000000001a00023c                TIMER2_IRQHandler
                0x000000001a00023c                GPIO4_IRQHandler
                0x000000001a00023c                RIT_IRQHandler
                0x000000001a00023c                ADCHS_IRQHandler
                0x000000001a00023c                FLASH_EEPROM_IRQHandler
                0x000000001a00023c                I2C0_IRQHandler
                0x000000001a00023c                SDIO_IRQHandler
                0x000000001a00023c                ATIMER_IRQHandler
                0x000000001a00023c                I2C1_IRQHandler
 *(.text*)
 .text.vApplicationIdleHook
                0x000000001a000244       0x10 ./freertos/src/FreeRTOSCommonHooks.o
                0x000000001a000244                vApplicationIdleHook
 .text.pvPortMalloc
                0x000000001a000254       0x24 ./freertos/src/heap_3.o
                0x000000001a000254                pvPortMalloc
 .text.vPortFree
                0x000000001a000278       0x24 ./freertos/src/heap_3.o
                0x000000001a000278                vPortFree
 .text.vListInitialise
                0x000000001a00029c       0x40 ./freertos/src/list.o
                0x000000001a00029c                vListInitialise
 .text.vListInitialiseItem
                0x000000001a0002dc       0x1c ./freertos/src/list.o
                0x000000001a0002dc                vListInitialiseItem
 .text.vListInsertEnd
                0x000000001a0002f8       0x48 ./freertos/src/list.o
                0x000000001a0002f8                vListInsertEnd
 .text.vListInsert
                0x000000001a000340       0x74 ./freertos/src/list.o
                0x000000001a000340                vListInsert
 .text.uxListRemove
                0x000000001a0003b4       0x54 ./freertos/src/list.o
                0x000000001a0003b4                uxListRemove
 .text.pxPortInitialiseStack
                0x000000001a000408       0x64 ./freertos/src/port.o
                0x000000001a000408                pxPortInitialiseStack
 .text.prvTaskExitError
                0x000000001a00046c        0xc ./freertos/src/port.o
 .text.SVC_Handler
                0x000000001a000478       0x24 ./freertos/src/port.o
                0x000000001a000478                SVC_Handler
 .text.prvPortStartFirstTask
                0x000000001a00049c       0x20 ./freertos/src/port.o
 .text.xPortStartScheduler
                0x000000001a0004bc       0x50 ./freertos/src/port.o
                0x000000001a0004bc                xPortStartScheduler
 .text.vPortYield
                0x000000001a00050c       0x24 ./freertos/src/port.o
                0x000000001a00050c                vPortYield
 .text.vPortEnterCritical
                0x000000001a000530       0x24 ./freertos/src/port.o
                0x000000001a000530                vPortEnterCritical
 .text.vPortExitCritical
                0x000000001a000554       0x24 ./freertos/src/port.o
                0x000000001a000554                vPortExitCritical
 .text.ulPortSetInterruptMask
                0x000000001a000578       0x14 ./freertos/src/port.o
                0x000000001a000578                ulPortSetInterruptMask
 .text.vPortClearInterruptMask
                0x000000001a00058c        0x8 ./freertos/src/port.o
                0x000000001a00058c                vPortClearInterruptMask
 .text.PendSV_Handler
                0x000000001a000594       0x5c ./freertos/src/port.o
                0x000000001a000594                PendSV_Handler
 .text.SysTick_Handler
                0x000000001a0005f0       0x28 ./freertos/src/port.o
                0x000000001a0005f0                SysTick_Handler
 .text.vPortSuppressTicksAndSleep
                0x000000001a000618      0x17c ./freertos/src/port.o
                0x000000001a000618                vPortSuppressTicksAndSleep
 .text.vPortSetupTimerInterrupt
                0x000000001a000794       0x78 ./freertos/src/port.o
                0x000000001a000794                vPortSetupTimerInterrupt
 .text.vPortEnableVFP
                0x000000001a00080c       0x14 ./freertos/src/port.o
 .text.xQueueGenericReset
                0x000000001a000820       0xa4 ./freertos/src/queue.o
                0x000000001a000820                xQueueGenericReset
 .text.xQueueGenericCreate
                0x000000001a0008c4       0x78 ./freertos/src/queue.o
                0x000000001a0008c4                xQueueGenericCreate
 .text.xQueueGenericSend
                0x000000001a00093c      0x110 ./freertos/src/queue.o
                0x000000001a00093c                xQueueGenericSend
 .text.xQueueGenericReceive
                0x000000001a000a4c      0x16c ./freertos/src/queue.o
                0x000000001a000a4c                xQueueGenericReceive
 .text.prvCopyDataToQueue
                0x000000001a000bb8       0xd0 ./freertos/src/queue.o
 .text.prvCopyDataFromQueue
                0x000000001a000c88       0x4c ./freertos/src/queue.o
 .text.prvUnlockQueue
                0x000000001a000cd4       0x98 ./freertos/src/queue.o
 .text.prvIsQueueEmpty
                0x000000001a000d6c       0x2c ./freertos/src/queue.o
 .text.prvIsQueueFull
                0x000000001a000d98       0x30 ./freertos/src/queue.o
 .text.__check_heap_overflow
                0x000000001a000dc8       0x30 ./freertos/src/redlib_memfix.o
                0x000000001a000dc8                __check_heap_overflow
 .text.xTaskGenericCreate
                0x000000001a000df8      0x140 ./freertos/src/tasks.o
                0x000000001a000df8                xTaskGenericCreate
 .text.vTaskDelay
                0x000000001a000f38       0x54 ./freertos/src/tasks.o
                0x000000001a000f38                vTaskDelay
 .text.vTaskStartScheduler
                0x000000001a000f8c       0x58 ./freertos/src/tasks.o
                0x000000001a000f8c                vTaskStartScheduler
 .text.vTaskSuspendAll
                0x000000001a000fe4       0x1c ./freertos/src/tasks.o
                0x000000001a000fe4                vTaskSuspendAll
 .text.prvGetExpectedIdleTime
                0x000000001a001000       0x50 ./freertos/src/tasks.o
 .text.xTaskResumeAll
                0x000000001a001050       0xfc ./freertos/src/tasks.o
                0x000000001a001050                xTaskResumeAll
 .text.vTaskStepTick
                0x000000001a00114c       0x24 ./freertos/src/tasks.o
                0x000000001a00114c                vTaskStepTick
 .text.xTaskIncrementTick
                0x000000001a001170      0x15c ./freertos/src/tasks.o
                0x000000001a001170                xTaskIncrementTick
 .text.vTaskSwitchContext
                0x000000001a0012cc       0x9c ./freertos/src/tasks.o
                0x000000001a0012cc                vTaskSwitchContext
 .text.vTaskPlaceOnEventList
                0x000000001a001368       0x60 ./freertos/src/tasks.o
                0x000000001a001368                vTaskPlaceOnEventList
 .text.xTaskRemoveFromEventList
                0x000000001a0013c8       0xac ./freertos/src/tasks.o
                0x000000001a0013c8                xTaskRemoveFromEventList
 .text.vTaskSetTimeOutState
                0x000000001a001474       0x2c ./freertos/src/tasks.o
                0x000000001a001474                vTaskSetTimeOutState
 .text.xTaskCheckForTimeOut
                0x000000001a0014a0       0x88 ./freertos/src/tasks.o
                0x000000001a0014a0                xTaskCheckForTimeOut
 .text.vTaskMissedYield
                0x000000001a001528       0x18 ./freertos/src/tasks.o
                0x000000001a001528                vTaskMissedYield
 .text.prvIdleTask
                0x000000001a001540       0x48 ./freertos/src/tasks.o
 .text.eTaskConfirmSleepModeStatus
                0x000000001a001588       0x5c ./freertos/src/tasks.o
                0x000000001a001588                eTaskConfirmSleepModeStatus
 .text.prvInitialiseTCBVariables
                0x000000001a0015e4       0x94 ./freertos/src/tasks.o
 .text.prvInitialiseTaskLists
                0x000000001a001678       0x80 ./freertos/src/tasks.o
 .text.prvCheckTasksWaitingTermination
                0x000000001a0016f8       0x78 ./freertos/src/tasks.o
 .text.prvAddCurrentTaskToDelayedList
                0x000000001a001770       0x6c ./freertos/src/tasks.o
 .text.prvAllocateTCBAndStack
                0x000000001a0017dc       0x64 ./freertos/src/tasks.o
 .text.prvDeleteTCB
                0x000000001a001840       0x20 ./freertos/src/tasks.o
 .text.prvResetNextTaskUnblockTime
                0x000000001a001860       0x4c ./freertos/src/tasks.o
 .text.xTaskGetCurrentTaskHandle
                0x000000001a0018ac       0x20 ./freertos/src/tasks.o
                0x000000001a0018ac                xTaskGetCurrentTaskHandle
 .text.vTaskPriorityInherit
                0x000000001a0018cc       0xbc ./freertos/src/tasks.o
                0x000000001a0018cc                vTaskPriorityInherit
 .text.vTaskPriorityDisinherit
                0x000000001a001988       0x84 ./freertos/src/tasks.o
                0x000000001a001988                vTaskPriorityDisinherit
 .text.Chip_SCU_PinMuxSet
                0x000000001a001a0c       0x34 ./example/src/blink.o
 .text.Chip_SCU_PinMux
                0x000000001a001a40       0x3c ./example/src/blink.o
 .text.Chip_GPIO_SetPinState
                0x000000001a001a7c       0x38 ./example/src/blink.o
 .text.Chip_GPIO_GetPinState
                0x000000001a001ab4       0x38 ./example/src/blink.o
 .text.Chip_GPIO_SetPinDIROutput
                0x000000001a001aec       0x40 ./example/src/blink.o
 .text.Chip_GPIO_SetPinDIRInput
                0x000000001a001b2c       0x40 ./example/src/blink.o
 .text.prvSetupHardware
                0x000000001a001b6c      0x138 ./example/src/blink.o
 *fill*         0x000000001a001ca4        0x4 ff
 .text.App_print_ADC_value
                0x000000001a001ca8      0x284 ./example/src/blink.o
 .text.vLectorTEC1
                0x000000001a001f2c       0x90 ./example/src/blink.o
 .text.vLectorTEC2
                0x000000001a001fbc      0x134 ./example/src/blink.o
 .text.main     0x000000001a0020f0       0xc4 ./example/src/blink.o
                0x000000001a0020f0                main
 .text.ResetISR
                0x000000001a0021b4       0xc4 ./example/src/cr_startup_lpc43xx.o
                0x000000001a0021b4                ResetISR
 .text.SystemInit
                0x000000001a002278       0x28 ./example/src/sysinit.o
                0x000000001a002278                SystemInit
 .text.Chip_ENET_RMIIEnable
                0x000000001a0022a0       0x28 /Users/zoticus/Documents/LPCXpresso_8.1.4/workspace/lpc_board_nxp_lpcxpresso_4337/Debug/liblpc_board_nxp_lpcxpresso_4337.a(board.o)
 .text.Chip_GPIO_SetPinState
                0x000000001a0022c8       0x38 /Users/zoticus/Documents/LPCXpresso_8.1.4/workspace/lpc_board_nxp_lpcxpresso_4337/Debug/liblpc_board_nxp_lpcxpresso_4337.a(board.o)
 .text.Chip_GPIO_SetPinDIROutput
                0x000000001a002300       0x40 /Users/zoticus/Documents/LPCXpresso_8.1.4/workspace/lpc_board_nxp_lpcxpresso_4337/Debug/liblpc_board_nxp_lpcxpresso_4337.a(board.o)
 .text.Board_LED_Init
                0x000000001a002340       0x5c /Users/zoticus/Documents/LPCXpresso_8.1.4/workspace/lpc_board_nxp_lpcxpresso_4337/Debug/liblpc_board_nxp_lpcxpresso_4337.a(board.o)
 .text.Board_Init
                0x000000001a00239c       0x20 /Users/zoticus/Documents/LPCXpresso_8.1.4/workspace/lpc_board_nxp_lpcxpresso_4337/Debug/liblpc_board_nxp_lpcxpresso_4337.a(board.o)
                0x000000001a00239c                Board_Init
 .text.Chip_SCU_PinMuxSet
                0x000000001a0023bc       0x34 /Users/zoticus/Documents/LPCXpresso_8.1.4/workspace/lpc_board_nxp_lpcxpresso_4337/Debug/liblpc_board_nxp_lpcxpresso_4337.a(board_sysinit.o)
 .text.Chip_SCU_SetPinMuxing
                0x000000001a0023f0       0x4c /Users/zoticus/Documents/LPCXpresso_8.1.4/workspace/lpc_board_nxp_lpcxpresso_4337/Debug/liblpc_board_nxp_lpcxpresso_4337.a(board_sysinit.o)
 .text.Chip_CREG_SetFlashAcceleration
                0x000000001a00243c       0x54 /Users/zoticus/Documents/LPCXpresso_8.1.4/workspace/lpc_board_nxp_lpcxpresso_4337/Debug/liblpc_board_nxp_lpcxpresso_4337.a(board_sysinit.o)
 .text.Board_SetupMuxing
                0x000000001a002490       0x14 /Users/zoticus/Documents/LPCXpresso_8.1.4/workspace/lpc_board_nxp_lpcxpresso_4337/Debug/liblpc_board_nxp_lpcxpresso_4337.a(board_sysinit.o)
                0x000000001a002490                Board_SetupMuxing
 .text.Board_SetupClocking
                0x000000001a0024a4       0x80 /Users/zoticus/Documents/LPCXpresso_8.1.4/workspace/lpc_board_nxp_lpcxpresso_4337/Debug/liblpc_board_nxp_lpcxpresso_4337.a(board_sysinit.o)
                0x000000001a0024a4                Board_SetupClocking
 .text.Board_SystemInit
                0x000000001a002524       0x10 /Users/zoticus/Documents/LPCXpresso_8.1.4/workspace/lpc_board_nxp_lpcxpresso_4337/Debug/liblpc_board_nxp_lpcxpresso_4337.a(board_sysinit.o)
                0x000000001a002524                Board_SystemInit
 .text.getFullConvClk
                0x000000001a002534       0x10 /Users/zoticus/Documents/LPCXpresso_8.1.4/workspace/lpc_chip_43xx/Debug/liblpc_chip_43xx.a(adc_18xx_43xx.o)
 .text.Chip_ADC_GetClockIndex
                0x000000001a002544       0x2c /Users/zoticus/Documents/LPCXpresso_8.1.4/workspace/lpc_chip_43xx/Debug/liblpc_chip_43xx.a(adc_18xx_43xx.o)
 .text.getClkDiv
                0x000000001a002570       0x68 /Users/zoticus/Documents/LPCXpresso_8.1.4/workspace/lpc_chip_43xx/Debug/liblpc_chip_43xx.a(adc_18xx_43xx.o)
 .text.setStartMode
                0x000000001a0025d8       0x30 /Users/zoticus/Documents/LPCXpresso_8.1.4/workspace/lpc_chip_43xx/Debug/liblpc_chip_43xx.a(adc_18xx_43xx.o)
                0x000000001a0025d8                setStartMode
 .text.readAdcVal
                0x000000001a002608       0x44 /Users/zoticus/Documents/LPCXpresso_8.1.4/workspace/lpc_chip_43xx/Debug/liblpc_chip_43xx.a(adc_18xx_43xx.o)
                0x000000001a002608                readAdcVal
 .text.Chip_ADC_Init
                0x000000001a00264c       0x88 /Users/zoticus/Documents/LPCXpresso_8.1.4/workspace/lpc_chip_43xx/Debug/liblpc_chip_43xx.a(adc_18xx_43xx.o)
                0x000000001a00264c                Chip_ADC_Init
 .text.Chip_ADC_ReadValue
                0x000000001a0026d4       0x24 /Users/zoticus/Documents/LPCXpresso_8.1.4/workspace/lpc_chip_43xx/Debug/liblpc_chip_43xx.a(adc_18xx_43xx.o)
                0x000000001a0026d4                Chip_ADC_ReadValue
 .text.Chip_ADC_ReadStatus
                0x000000001a0026f8       0x78 /Users/zoticus/Documents/LPCXpresso_8.1.4/workspace/lpc_chip_43xx/Debug/liblpc_chip_43xx.a(adc_18xx_43xx.o)
                0x000000001a0026f8                Chip_ADC_ReadStatus
 .text.Chip_ADC_SetStartMode
                0x000000001a002770       0x50 /Users/zoticus/Documents/LPCXpresso_8.1.4/workspace/lpc_chip_43xx/Debug/liblpc_chip_43xx.a(adc_18xx_43xx.o)
                0x000000001a002770                Chip_ADC_SetStartMode
 .text.Chip_ADC_SetSampleRate
                0x000000001a0027c0       0x64 /Users/zoticus/Documents/LPCXpresso_8.1.4/workspace/lpc_chip_43xx/Debug/liblpc_chip_43xx.a(adc_18xx_43xx.o)
                0x000000001a0027c0                Chip_ADC_SetSampleRate
 .text.Chip_ADC_EnableChannel
                0x000000001a002824       0x58 /Users/zoticus/Documents/LPCXpresso_8.1.4/workspace/lpc_chip_43xx/Debug/liblpc_chip_43xx.a(adc_18xx_43xx.o)
                0x000000001a002824                Chip_ADC_EnableChannel
 .text.SystemCoreClockUpdate
                0x000000001a00287c       0x18 /Users/zoticus/Documents/LPCXpresso_8.1.4/workspace/lpc_chip_43xx/Debug/liblpc_chip_43xx.a(chip_18xx_43xx.o)
                0x000000001a00287c                SystemCoreClockUpdate
 .text.ABS      0x000000001a002894       0x24 /Users/zoticus/Documents/LPCXpresso_8.1.4/workspace/lpc_chip_43xx/Debug/liblpc_chip_43xx.a(clock_18xx_43xx.o)
 .text.pll_calc_divs
                0x000000001a0028b8      0x124 /Users/zoticus/Documents/LPCXpresso_8.1.4/workspace/lpc_chip_43xx/Debug/liblpc_chip_43xx.a(clock_18xx_43xx.o)
 .text.pll_get_frac
                0x000000001a0029dc      0x178 /Users/zoticus/Documents/LPCXpresso_8.1.4/workspace/lpc_chip_43xx/Debug/liblpc_chip_43xx.a(clock_18xx_43xx.o)
 .text.Chip_Clock_GetDivRate
                0x000000001a002b54       0x40 /Users/zoticus/Documents/LPCXpresso_8.1.4/workspace/lpc_chip_43xx/Debug/liblpc_chip_43xx.a(clock_18xx_43xx.o)
 .text.Chip_Clock_FindBaseClock
                0x000000001a002b94       0x90 /Users/zoticus/Documents/LPCXpresso_8.1.4/workspace/lpc_chip_43xx/Debug/liblpc_chip_43xx.a(clock_18xx_43xx.o)
 .text.Chip_Clock_EnableCrystal
                0x000000001a002c24       0x70 /Users/zoticus/Documents/LPCXpresso_8.1.4/workspace/lpc_chip_43xx/Debug/liblpc_chip_43xx.a(clock_18xx_43xx.o)
                0x000000001a002c24                Chip_Clock_EnableCrystal
 .text.Chip_Clock_CalcMainPLLValue
                0x000000001a002c94       0xd8 /Users/zoticus/Documents/LPCXpresso_8.1.4/workspace/lpc_chip_43xx/Debug/liblpc_chip_43xx.a(clock_18xx_43xx.o)
                0x000000001a002c94                Chip_Clock_CalcMainPLLValue
 .text.Chip_Clock_GetMainPLLHz
                0x000000001a002d6c       0xc0 /Users/zoticus/Documents/LPCXpresso_8.1.4/workspace/lpc_chip_43xx/Debug/liblpc_chip_43xx.a(clock_18xx_43xx.o)
                0x000000001a002d6c                Chip_Clock_GetMainPLLHz
 .text.Chip_Clock_GetDividerSource
                0x000000001a002e2c       0x40 /Users/zoticus/Documents/LPCXpresso_8.1.4/workspace/lpc_chip_43xx/Debug/liblpc_chip_43xx.a(clock_18xx_43xx.o)
                0x000000001a002e2c                Chip_Clock_GetDividerSource
 .text.Chip_Clock_GetDividerDivisor
                0x000000001a002e6c       0x38 /Users/zoticus/Documents/LPCXpresso_8.1.4/workspace/lpc_chip_43xx/Debug/liblpc_chip_43xx.a(clock_18xx_43xx.o)
                0x000000001a002e6c                Chip_Clock_GetDividerDivisor
 .text.Chip_Clock_GetClockInputHz
                0x000000001a002ea4      0x140 /Users/zoticus/Documents/LPCXpresso_8.1.4/workspace/lpc_chip_43xx/Debug/liblpc_chip_43xx.a(clock_18xx_43xx.o)
                0x000000001a002ea4                Chip_Clock_GetClockInputHz
 .text.Chip_Clock_GetBaseClocktHz
                0x000000001a002fe4       0x24 /Users/zoticus/Documents/LPCXpresso_8.1.4/workspace/lpc_chip_43xx/Debug/liblpc_chip_43xx.a(clock_18xx_43xx.o)
                0x000000001a002fe4                Chip_Clock_GetBaseClocktHz
 .text.Chip_Clock_SetBaseClock
                0x000000001a003008       0x9c /Users/zoticus/Documents/LPCXpresso_8.1.4/workspace/lpc_chip_43xx/Debug/liblpc_chip_43xx.a(clock_18xx_43xx.o)
                0x000000001a003008                Chip_Clock_SetBaseClock
 .text.Chip_Clock_GetBaseClock
                0x000000001a0030a4       0x4c /Users/zoticus/Documents/LPCXpresso_8.1.4/workspace/lpc_chip_43xx/Debug/liblpc_chip_43xx.a(clock_18xx_43xx.o)
                0x000000001a0030a4                Chip_Clock_GetBaseClock
 .text.Chip_Clock_EnableOpts
                0x000000001a0030f0       0x7c /Users/zoticus/Documents/LPCXpresso_8.1.4/workspace/lpc_chip_43xx/Debug/liblpc_chip_43xx.a(clock_18xx_43xx.o)
                0x000000001a0030f0                Chip_Clock_EnableOpts
 .text.Chip_Clock_GetRate
                0x000000001a00316c       0x88 /Users/zoticus/Documents/LPCXpresso_8.1.4/workspace/lpc_chip_43xx/Debug/liblpc_chip_43xx.a(clock_18xx_43xx.o)
                0x000000001a00316c                Chip_Clock_GetRate
 .text.fpuInit  0x000000001a0031f4       0x74 /Users/zoticus/Documents/LPCXpresso_8.1.4/workspace/lpc_chip_43xx/Debug/liblpc_chip_43xx.a(fpu_init.o)
                0x000000001a0031f4                fpuInit
 .text.Chip_GPIO_Init
                0x000000001a003268       0x14 /Users/zoticus/Documents/LPCXpresso_8.1.4/workspace/lpc_chip_43xx/Debug/liblpc_chip_43xx.a(gpio_18xx_43xx.o)
                0x000000001a003268                Chip_GPIO_Init
 .text.Chip_Clock_DisableMainPLL
                0x000000001a00327c       0x20 /Users/zoticus/Documents/LPCXpresso_8.1.4/workspace/lpc_chip_43xx/Debug/liblpc_chip_43xx.a(sysinit_18xx_43xx.o)
 .text.Chip_Clock_SetupMainPLL
                0x000000001a00329c       0x44 /Users/zoticus/Documents/LPCXpresso_8.1.4/workspace/lpc_chip_43xx/Debug/liblpc_chip_43xx.a(sysinit_18xx_43xx.o)
 .text.Chip_Clock_MainPLLLocked
                0x000000001a0032e0       0x24 /Users/zoticus/Documents/LPCXpresso_8.1.4/workspace/lpc_chip_43xx/Debug/liblpc_chip_43xx.a(sysinit_18xx_43xx.o)
 .text.Chip_SetupCoreClock
                0x000000001a003304      0x15c /Users/zoticus/Documents/LPCXpresso_8.1.4/workspace/lpc_chip_43xx/Debug/liblpc_chip_43xx.a(sysinit_18xx_43xx.o)
                0x000000001a003304                Chip_SetupCoreClock
 .text.__main   0x000000001a003460       0x14 /Applications/lpcxpresso_8.1.4_606/lpcxpresso/tools/bin/../lib/gcc/arm-none-eabi/5.2.1/../../../../arm-none-eabi/lib/armv7e-m/softfp/libcr_semihost.a(_cr__main.o)
                0x000000001a003460                __main
                0x000000001a003460                __CR_SEMIHOST
 .text.memcpy   0x000000001a003474        0x4 /Applications/lpcxpresso_8.1.4_606/lpcxpresso/tools/bin/../lib/gcc/arm-none-eabi/5.2.1/../../../../arm-none-eabi/lib/armv7e-m/softfp/libcr_c.a(memcpy.o)
                0x000000001a003474                memcpy
 .text.memset   0x000000001a003478        0x4 /Applications/lpcxpresso_8.1.4_606/lpcxpresso/tools/bin/../lib/gcc/arm-none-eabi/5.2.1/../../../../arm-none-eabi/lib/armv7e-m/softfp/libcr_c.a(memset.o)
                0x000000001a003478                memset
 .text.malloc   0x000000001a00347c       0xc8 /Applications/lpcxpresso_8.1.4_606/lpcxpresso/tools/bin/../lib/gcc/arm-none-eabi/5.2.1/../../../../arm-none-eabi/lib/armv7e-m/softfp/libcr_c.a(alloc.o)
                0x000000001a00347c                malloc
 .text.free     0x000000001a003544       0x30 /Applications/lpcxpresso_8.1.4_606/lpcxpresso/tools/bin/../lib/gcc/arm-none-eabi/5.2.1/../../../../arm-none-eabi/lib/armv7e-m/softfp/libcr_c.a(alloc.o)
                0x000000001a003544                free
 .text.calloc   0x000000001a003574       0x50 /Applications/lpcxpresso_8.1.4_606/lpcxpresso/tools/bin/../lib/gcc/arm-none-eabi/5.2.1/../../../../arm-none-eabi/lib/armv7e-m/softfp/libcr_c.a(alloc.o)
                0x000000001a003574                calloc
 .text._Csys_alloc
                0x000000001a0035c4       0x20 /Applications/lpcxpresso_8.1.4_606/lpcxpresso/tools/bin/../lib/gcc/arm-none-eabi/5.2.1/../../../../arm-none-eabi/lib/armv7e-m/softfp/libcr_c.a(alloc.o)
                0x000000001a0035c4                _Csys_alloc
 *fill*         0x000000001a0035e4        0x4 ff
 .text.atan     0x000000001a0035e8      0x214 /Applications/lpcxpresso_8.1.4_606/lpcxpresso/tools/bin/../lib/gcc/arm-none-eabi/5.2.1/../../../../arm-none-eabi/lib/armv7e-m/softfp/libcr_c.a(atan.o)
                0x000000001a0035e8                atan
 .text.fabs     0x000000001a0037fc       0x1e /Applications/lpcxpresso_8.1.4_606/lpcxpresso/tools/bin/../lib/gcc/arm-none-eabi/5.2.1/../../../../arm-none-eabi/lib/armv7e-m/softfp/libcr_c.a(fabs.o)
                0x000000001a0037fc                fabs
 .text.fp_round
                0x000000001a00381a       0x4e /Applications/lpcxpresso_8.1.4_606/lpcxpresso/tools/bin/../lib/gcc/arm-none-eabi/5.2.1/../../../../arm-none-eabi/lib/armv7e-m/softfp/libcr_c.a(fpprintf.o)
 .text.pr_dec.constprop.1
                0x000000001a003868       0x26 /Applications/lpcxpresso_8.1.4_606/lpcxpresso/tools/bin/../lib/gcc/arm-none-eabi/5.2.1/../../../../arm-none-eabi/lib/armv7e-m/softfp/libcr_c.a(fpprintf.o)
 *fill*         0x000000001a00388e        0x2 ff
 .text.sprintf  0x000000001a003890       0x6c /Applications/lpcxpresso_8.1.4_606/lpcxpresso/tools/bin/../lib/gcc/arm-none-eabi/5.2.1/../../../../arm-none-eabi/lib/armv7e-m/softfp/libcr_c.a(fpprintf.o)
                0x000000001a003890                sprintf
 *fill*         0x000000001a0038fc        0x4 ff
 .text.fp_display
                0x000000001a003900      0x8f8 /Applications/lpcxpresso_8.1.4_606/lpcxpresso/tools/bin/../lib/gcc/arm-none-eabi/5.2.1/../../../../arm-none-eabi/lib/armv7e-m/softfp/libcr_c.a(fpprintf.o)
 .text.vsnprintf
                0x000000001a0041f8       0x5c /Applications/lpcxpresso_8.1.4_606/lpcxpresso/tools/bin/../lib/gcc/arm-none-eabi/5.2.1/../../../../arm-none-eabi/lib/armv7e-m/softfp/libcr_c.a(fpprintf.o)
                0x000000001a0041f8                vsnprintf
 .text.printf   0x000000001a004254       0x54 /Applications/lpcxpresso_8.1.4_606/lpcxpresso/tools/bin/../lib/gcc/arm-none-eabi/5.2.1/../../../../arm-none-eabi/lib/armv7e-m/softfp/libcr_c.a(fpprintf.o)
                0x000000001a004254                printf
 .text._initio  0x000000001a0042a8       0xa4 /Applications/lpcxpresso_8.1.4_606/lpcxpresso/tools/bin/../lib/gcc/arm-none-eabi/5.2.1/../../../../arm-none-eabi/lib/armv7e-m/softfp/libcr_c.a(initio.o)
                0x000000001a0042a8                _initio
 .text.__vfprintf
                0x000000001a00434c      0xd48 /Applications/lpcxpresso_8.1.4_606/lpcxpresso/tools/bin/../lib/gcc/arm-none-eabi/5.2.1/../../../../arm-none-eabi/lib/armv7e-m/softfp/libcr_c.a(printf.o)
                0x000000001a00434c                __vfprintf
 .text.setvbuf  0x000000001a005094       0x40 /Applications/lpcxpresso_8.1.4_606/lpcxpresso/tools/bin/../lib/gcc/arm-none-eabi/5.2.1/../../../../arm-none-eabi/lib/armv7e-m/softfp/libcr_c.a(setvbuf.o)
                0x000000001a005094                setvbuf
 .text.strlen   0x000000001a0050d4       0x4a /Applications/lpcxpresso_8.1.4_606/lpcxpresso/tools/bin/../lib/gcc/arm-none-eabi/5.2.1/../../../../arm-none-eabi/lib/armv7e-m/softfp/libcr_c.a(strlen.o)
                0x000000001a0050d4                strlen
 *fill*         0x000000001a00511e        0x2 ff
 .text._sbrk    0x000000001a005120       0x40 /Applications/lpcxpresso_8.1.4_606/lpcxpresso/tools/bin/../lib/gcc/arm-none-eabi/5.2.1/../../../../arm-none-eabi/lib/armv7e-m/softfp/libcr_c.a(_cr_sbrk.o)
                0x000000001a005120                _sbrk
 .text._deferredlazyseek
                0x000000001a005160       0x44 /Applications/lpcxpresso_8.1.4_606/lpcxpresso/tools/bin/../lib/gcc/arm-none-eabi/5.2.1/../../../../arm-none-eabi/lib/armv7e-m/softfp/libcr_c.a(_deferredlazyseek.o)
                0x000000001a005160                _deferredlazyseek
 .text.__flsbuf
                0x000000001a0051a4      0x140 /Applications/lpcxpresso_8.1.4_606/lpcxpresso/tools/bin/../lib/gcc/arm-none-eabi/5.2.1/../../../../arm-none-eabi/lib/armv7e-m/softfp/libcr_c.a(_deferredlazyseek.o)
                0x000000001a0051a4                __flsbuf
 .text._fdopen  0x000000001a0052e4       0x6a /Applications/lpcxpresso_8.1.4_606/lpcxpresso/tools/bin/../lib/gcc/arm-none-eabi/5.2.1/../../../../arm-none-eabi/lib/armv7e-m/softfp/libcr_c.a(_fdopen.o)
                0x000000001a0052e4                _fdopen
 .text._fflush  0x000000001a00534e       0x58 /Applications/lpcxpresso_8.1.4_606/lpcxpresso/tools/bin/../lib/gcc/arm-none-eabi/5.2.1/../../../../arm-none-eabi/lib/armv7e-m/softfp/libcr_c.a(_fflush.o)
                0x000000001a00534e                _fflush
 .text._frexpl  0x000000001a0053a6       0x5a /Applications/lpcxpresso_8.1.4_606/lpcxpresso/tools/bin/../lib/gcc/arm-none-eabi/5.2.1/../../../../arm-none-eabi/lib/armv7e-m/softfp/libcr_c.a(_frexpl.o)
                0x000000001a0053a6                _frexpl
 .text._ldexpl  0x000000001a005400       0x4c /Applications/lpcxpresso_8.1.4_606/lpcxpresso/tools/bin/../lib/gcc/arm-none-eabi/5.2.1/../../../../arm-none-eabi/lib/armv7e-m/softfp/libcr_c.a(_ldexpl.o)
                0x000000001a005400                _ldexpl
 .text._Cwritebuf
                0x000000001a00544c       0x68 /Applications/lpcxpresso_8.1.4_606/lpcxpresso/tools/bin/../lib/gcc/arm-none-eabi/5.2.1/../../../../arm-none-eabi/lib/armv7e-m/softfp/libcr_c.a(_writebuf.o)
                0x000000001a00544c                _Cwritebuf
 .text.fclose   0x000000001a0054b4       0x6c /Applications/lpcxpresso_8.1.4_606/lpcxpresso/tools/bin/../lib/gcc/arm-none-eabi/5.2.1/../../../../arm-none-eabi/lib/armv7e-m/softfp/libcr_c.a(fclose.o)
                0x000000001a0054b4                fclose
 .text.fflush   0x000000001a005520       0x30 /Applications/lpcxpresso_8.1.4_606/lpcxpresso/tools/bin/../lib/gcc/arm-none-eabi/5.2.1/../../../../arm-none-eabi/lib/armv7e-m/softfp/libcr_c.a(fflush.o)
                0x000000001a005520                fflush
 .text.fseek    0x000000001a005550      0x110 /Applications/lpcxpresso_8.1.4_606/lpcxpresso/tools/bin/../lib/gcc/arm-none-eabi/5.2.1/../../../../arm-none-eabi/lib/armv7e-m/softfp/libcr_c.a(fseek.o)
                0x000000001a005550                fseek
 .text.ftell    0x000000001a005660       0x4c /Applications/lpcxpresso_8.1.4_606/lpcxpresso/tools/bin/../lib/gcc/arm-none-eabi/5.2.1/../../../../arm-none-eabi/lib/armv7e-m/softfp/libcr_c.a(ftell.o)
                0x000000001a005660                ftell
 .text.remove   0x000000001a0056ac       0x14 /Applications/lpcxpresso_8.1.4_606/lpcxpresso/tools/bin/../lib/gcc/arm-none-eabi/5.2.1/../../../../arm-none-eabi/lib/armv7e-m/softfp/libcr_c.a(remove.o)
                0x000000001a0056ac                remove
 .text._do_fflush
                0x000000001a0056c0       0x44 /Applications/lpcxpresso_8.1.4_606/lpcxpresso/tools/bin/../lib/gcc/arm-none-eabi/5.2.1/../../../../arm-none-eabi/lib/armv7e-m/softfp/libcr_c.a(_do_fflush.o)
                0x000000001a0056c0                _do_fflush
 .text.__aeabi_dmul
                0x000000001a005704      0x110 /Applications/lpcxpresso_8.1.4_606/lpcxpresso/tools/bin/../lib/gcc/arm-none-eabi/5.2.1/armv7e-m/softfp/libcr_eabihelpers.a(double.o)
                0x000000001a005704                __aeabi_dmul
 .text.__aeabi_ddiv
                0x000000001a005814      0x13c /Applications/lpcxpresso_8.1.4_606/lpcxpresso/tools/bin/../lib/gcc/arm-none-eabi/5.2.1/armv7e-m/softfp/libcr_eabihelpers.a(double.o)
                0x000000001a005814                __aeabi_ddiv
 .text.__aeabi_dsub
                0x000000001a005950      0x1b4 /Applications/lpcxpresso_8.1.4_606/lpcxpresso/tools/bin/../lib/gcc/arm-none-eabi/5.2.1/armv7e-m/softfp/libcr_eabihelpers.a(double.o)
                0x000000001a005950                __aeabi_dsub
 .text.__aeabi_dadd
                0x000000001a005b04      0x114 /Applications/lpcxpresso_8.1.4_606/lpcxpresso/tools/bin/../lib/gcc/arm-none-eabi/5.2.1/armv7e-m/softfp/libcr_eabihelpers.a(double.o)
                0x000000001a005b04                __aeabi_dadd
 .text.__aeabi_d2iz
                0x000000001a005c18       0x40 /Applications/lpcxpresso_8.1.4_606/lpcxpresso/tools/bin/../lib/gcc/arm-none-eabi/5.2.1/armv7e-m/softfp/libcr_eabihelpers.a(double.o)
                0x000000001a005c18                __aeabi_d2iz
 .text.__bhs_ui2d
                0x000000001a005c58       0x46 /Applications/lpcxpresso_8.1.4_606/lpcxpresso/tools/bin/../lib/gcc/arm-none-eabi/5.2.1/armv7e-m/softfp/libcr_eabihelpers.a(double.o)
                0x000000001a005c58                __bhs_ui2d
 .text.__aeabi_i2d
                0x000000001a005c9e       0x10 /Applications/lpcxpresso_8.1.4_606/lpcxpresso/tools/bin/../lib/gcc/arm-none-eabi/5.2.1/armv7e-m/softfp/libcr_eabihelpers.a(double.o)
                0x000000001a005c9e                __aeabi_i2d
 .text.__aeabi_dcmpeq
                0x000000001a005cae       0x30 /Applications/lpcxpresso_8.1.4_606/lpcxpresso/tools/bin/../lib/gcc/arm-none-eabi/5.2.1/armv7e-m/softfp/libcr_eabihelpers.a(double.o)
                0x000000001a005cae                __aeabi_dcmpeq
 .text.__aeabi_dcmplt
                0x000000001a005cde       0x58 /Applications/lpcxpresso_8.1.4_606/lpcxpresso/tools/bin/../lib/gcc/arm-none-eabi/5.2.1/armv7e-m/softfp/libcr_eabihelpers.a(double.o)
                0x000000001a005cde                __aeabi_dcmplt
 .text.__aeabi_dcmpgt
                0x000000001a005d36       0x58 /Applications/lpcxpresso_8.1.4_606/lpcxpresso/tools/bin/../lib/gcc/arm-none-eabi/5.2.1/armv7e-m/softfp/libcr_eabihelpers.a(double.o)
                0x000000001a005d36                __aeabi_dcmpgt
 .text.__aeabi_dcmple
                0x000000001a005d8e       0x54 /Applications/lpcxpresso_8.1.4_606/lpcxpresso/tools/bin/../lib/gcc/arm-none-eabi/5.2.1/armv7e-m/softfp/libcr_eabihelpers.a(double.o)
                0x000000001a005d8e                __aeabi_dcmple
 .text.__aeabi_dcmpge
                0x000000001a005de2       0x54 /Applications/lpcxpresso_8.1.4_606/lpcxpresso/tools/bin/../lib/gcc/arm-none-eabi/5.2.1/armv7e-m/softfp/libcr_eabihelpers.a(double.o)
                0x000000001a005de2                __aeabi_dcmpge
 .text.__aeabi_memcpy
                0x000000001a005e36       0x34 /Applications/lpcxpresso_8.1.4_606/lpcxpresso/tools/bin/../lib/gcc/arm-none-eabi/5.2.1/armv7e-m/softfp/libcr_eabihelpers.a(memcpy.o)
                0x000000001a005e36                __aeabi_memcpy
                0x000000001a005e40                __aeabi_memcpy4
                0x000000001a005e40                __aeabi_memcpy8
 .text.__aeabi_memset_lowlevel
                0x000000001a005e6a       0x32 /Applications/lpcxpresso_8.1.4_606/lpcxpresso/tools/bin/../lib/gcc/arm-none-eabi/5.2.1/armv7e-m/softfp/libcr_eabihelpers.a(memcpy.o)
                0x000000001a005e6a                __aeabi_lowlevel_memset
 .text.__sys_appexit
                0x000000001a005e9c        0xc /Applications/lpcxpresso_8.1.4_606/lpcxpresso/tools/bin/../lib/gcc/arm-none-eabi/5.2.1/../../../../arm-none-eabi/lib/armv7e-m/softfp/libcr_semihost.a(__sys_appexit.o)
                0x000000001a005e9c                __exit
                0x000000001a005e9c                __sys_appexit
 .text.__sys_close
                0x000000001a005ea8        0xc /Applications/lpcxpresso_8.1.4_606/lpcxpresso/tools/bin/../lib/gcc/arm-none-eabi/5.2.1/../../../../arm-none-eabi/lib/armv7e-m/softfp/libcr_semihost.a(__sys_close.o)
                0x000000001a005ea8                __sys_close
 .text.__sys_flen
                0x000000001a005eb4        0xc /Applications/lpcxpresso_8.1.4_606/lpcxpresso/tools/bin/../lib/gcc/arm-none-eabi/5.2.1/../../../../arm-none-eabi/lib/armv7e-m/softfp/libcr_semihost.a(__sys_flen.o)
                0x000000001a005eb4                __sys_flen
 .text.__sys_istty
                0x000000001a005ec0        0xc /Applications/lpcxpresso_8.1.4_606/lpcxpresso/tools/bin/../lib/gcc/arm-none-eabi/5.2.1/../../../../arm-none-eabi/lib/armv7e-m/softfp/libcr_semihost.a(__sys_istty.o)
                0x000000001a005ec0                __sys_istty
 .text.__sys_remove
                0x000000001a005ecc        0xc /Applications/lpcxpresso_8.1.4_606/lpcxpresso/tools/bin/../lib/gcc/arm-none-eabi/5.2.1/../../../../arm-none-eabi/lib/armv7e-m/softfp/libcr_semihost.a(__sys_remove.o)
                0x000000001a005ecc                __sys_remove
 .text.__sys_seek
                0x000000001a005ed8        0xc /Applications/lpcxpresso_8.1.4_606/lpcxpresso/tools/bin/../lib/gcc/arm-none-eabi/5.2.1/../../../../arm-none-eabi/lib/armv7e-m/softfp/libcr_semihost.a(__sys_seek.o)
                0x000000001a005ed8                __sys_seek
 .text.__sys_tmpnam
                0x000000001a005ee4        0xc /Applications/lpcxpresso_8.1.4_606/lpcxpresso/tools/bin/../lib/gcc/arm-none-eabi/5.2.1/../../../../arm-none-eabi/lib/armv7e-m/softfp/libcr_semihost.a(__sys_tmpnam.o)
                0x000000001a005ee4                __sys_tmpnam
 .text.__sys_write
                0x000000001a005ef0        0xc /Applications/lpcxpresso_8.1.4_606/lpcxpresso/tools/bin/../lib/gcc/arm-none-eabi/5.2.1/../../../../arm-none-eabi/lib/armv7e-m/softfp/libcr_semihost.a(__sys_write.o)
                0x000000001a005ef0                __write
                0x000000001a005ef0                __sys_write
 *(.rodata .rodata.* .constdata .constdata.*)
 .rodata        0x000000001a005efc        0x5 ./freertos/src/tasks.o
 *fill*         0x000000001a005f01        0x3 ff
 .rodata        0x000000001a005f04       0x38 ./example/src/blink.o
 .rodata.ExtRateIn
                0x000000001a005f3c        0x4 /Users/zoticus/Documents/LPCXpresso_8.1.4/workspace/lpc_board_nxp_lpcxpresso_4337/Debug/liblpc_board_nxp_lpcxpresso_4337.a(board.o)
                0x000000001a005f3c                ExtRateIn
 .rodata.OscRateIn
                0x000000001a005f40        0x4 /Users/zoticus/Documents/LPCXpresso_8.1.4/workspace/lpc_board_nxp_lpcxpresso_4337/Debug/liblpc_board_nxp_lpcxpresso_4337.a(board.o)
                0x000000001a005f40                OscRateIn
 .rodata.gpioLEDBits
                0x000000001a005f44        0x6 /Users/zoticus/Documents/LPCXpresso_8.1.4/workspace/lpc_board_nxp_lpcxpresso_4337/Debug/liblpc_board_nxp_lpcxpresso_4337.a(board.o)
 *fill*         0x000000001a005f4a        0x2 ff
 .rodata.InitClkStates
                0x000000001a005f4c        0xc /Users/zoticus/Documents/LPCXpresso_8.1.4/workspace/lpc_board_nxp_lpcxpresso_4337/Debug/liblpc_board_nxp_lpcxpresso_4337.a(board_sysinit.o)
 .rodata.pinmuxing
                0x000000001a005f58       0x34 /Users/zoticus/Documents/LPCXpresso_8.1.4/workspace/lpc_board_nxp_lpcxpresso_4337/Debug/liblpc_board_nxp_lpcxpresso_4337.a(board_sysinit.o)
 .rodata.periph_to_base
                0x000000001a005f8c       0x6c /Users/zoticus/Documents/LPCXpresso_8.1.4/workspace/lpc_chip_43xx/Debug/liblpc_chip_43xx.a(clock_18xx_43xx.o)
 .rodata        0x000000001a005ff8        0xa /Users/zoticus/Documents/LPCXpresso_8.1.4/workspace/lpc_chip_43xx/Debug/liblpc_chip_43xx.a(clock_18xx_43xx.o)
 *fill*         0x000000001a006002        0x2 ff
 .rodata.InitClkStates
                0x000000001a006004       0x48 /Users/zoticus/Documents/LPCXpresso_8.1.4/workspace/lpc_chip_43xx/Debug/liblpc_chip_43xx.a(sysinit_18xx_43xx.o)
 .rodata.str1.1
                0x000000001a00604c       0x18 /Applications/lpcxpresso_8.1.4_606/lpcxpresso/tools/bin/../lib/gcc/arm-none-eabi/5.2.1/../../../../arm-none-eabi/lib/armv7e-m/softfp/libcr_c.a(alloc.o)
 *fill*         0x000000001a006064        0x4 ff
 .rodata.a.3985
                0x000000001a006068       0x20 /Applications/lpcxpresso_8.1.4_606/lpcxpresso/tools/bin/../lib/gcc/arm-none-eabi/5.2.1/../../../../arm-none-eabi/lib/armv7e-m/softfp/libcr_c.a(atan.o)
 .rodata.str1.1
                0x000000001a006088       0x34 /Applications/lpcxpresso_8.1.4_606/lpcxpresso/tools/bin/../lib/gcc/arm-none-eabi/5.2.1/../../../../arm-none-eabi/lib/armv7e-m/softfp/libcr_c.a(fpprintf.o)
                                         0x35 (size before relaxing)
 .rodata.str1.1
                0x000000001a0060bc        0x4 /Applications/lpcxpresso_8.1.4_606/lpcxpresso/tools/bin/../lib/gcc/arm-none-eabi/5.2.1/../../../../arm-none-eabi/lib/armv7e-m/softfp/libcr_c.a(initio.o)
 .rodata.str1.1
                0x000000001a0060c0       0x31 /Applications/lpcxpresso_8.1.4_606/lpcxpresso/tools/bin/../lib/gcc/arm-none-eabi/5.2.1/../../../../arm-none-eabi/lib/armv7e-m/softfp/libcr_c.a(printf.o)
                                         0x38 (size before relaxing)
 *fill*         0x000000001a0060f1        0x7 ff
 .rodata.__huge_vall
                0x000000001a0060f8        0x8 /Applications/lpcxpresso_8.1.4_606/lpcxpresso/tools/bin/../lib/gcc/arm-none-eabi/5.2.1/../../../../arm-none-eabi/lib/armv7e-m/softfp/libcr_c.a(_hugeval.o)
                0x000000001a0060f8                __huge_vall
                0x000000001a006100                . = ALIGN (0x4)

.glue_7         0x000000001a006100        0x0
 .glue_7        0x000000001a006100        0x0 linker stubs

.glue_7t        0x000000001a006100        0x0
 .glue_7t       0x000000001a006100        0x0 linker stubs

.vfp11_veneer   0x000000001a006100        0x0
 .vfp11_veneer  0x000000001a006100        0x0 linker stubs

.v4_bx          0x000000001a006100        0x0
 .v4_bx         0x000000001a006100        0x0 linker stubs

.iplt           0x000000001a006100        0x0
 .iplt          0x000000001a006100        0x0 ./freertos/src/FreeRTOSCommonHooks.o

.rel.dyn        0x000000001a006100        0x0
 .rel.iplt      0x000000001a006100        0x0 ./freertos/src/FreeRTOSCommonHooks.o

.ARM.extab
 *(.ARM.extab* .gnu.linkonce.armextab.*)
                0x000000001a006100                __exidx_start = .

.ARM.exidx
 *(.ARM.exidx* .gnu.linkonce.armexidx.*)
                0x000000001a006100                __exidx_end = .
                0x000000001a006100                _etext = .

.data_RAM2      0x0000000010080000        0x0 load address 0x000000001a006100
 FILL mask 0xff
                [!provide]                        PROVIDE (__start_data_RAM2, .)
 *(.ramfunc.$RAM2)
 *(.ramfunc.$RamLoc40)
 *(.data.$RAM2*)
 *(.data.$RamLoc40*)
                0x0000000010080000                . = ALIGN (0x4)
                [!provide]                        PROVIDE (__end_data_RAM2, .)

.data_RAM3      0x0000000020000000        0x0 load address 0x000000001a006100
 FILL mask 0xff
                [!provide]                        PROVIDE (__start_data_RAM3, .)
 *(.ramfunc.$RAM3)
 *(.ramfunc.$RamAHB32)
 *(.data.$RAM3*)
 *(.data.$RamAHB32*)
                0x0000000020000000                . = ALIGN (0x4)
                [!provide]                        PROVIDE (__end_data_RAM3, .)

.data_RAM4      0x0000000020008000        0x0 load address 0x000000001a006100
 FILL mask 0xff
                [!provide]                        PROVIDE (__start_data_RAM4, .)
 *(.ramfunc.$RAM4)
 *(.ramfunc.$RamAHB16)
 *(.data.$RAM4*)
 *(.data.$RamAHB16*)
                0x0000000020008000                . = ALIGN (0x4)
                [!provide]                        PROVIDE (__end_data_RAM4, .)

.data_RAM5      0x000000002000c000        0x0 load address 0x000000001a006100
 FILL mask 0xff
                [!provide]                        PROVIDE (__start_data_RAM5, .)
 *(.ramfunc.$RAM5)
 *(.ramfunc.$RamAHB_ETB16)
 *(.data.$RAM5*)
 *(.data.$RamAHB_ETB16*)
                0x000000002000c000                . = ALIGN (0x4)
                [!provide]                        PROVIDE (__end_data_RAM5, .)

.uninit_RESERVED
                0x0000000010000000        0x0
 *(.bss.$RESERVED*)
                0x0000000010000000                . = ALIGN (0x4)
                0x0000000010000000                _end_uninit_RESERVED = .

.data           0x0000000010000000        0x8 load address 0x000000001a006100
 FILL mask 0xff
                0x0000000010000000                _data = .
 *(vtable)
 *(.ramfunc*)
 *(.data*)
 .data.uxCriticalNesting
                0x0000000010000000        0x4 ./freertos/src/port.o
 .data.xNextTaskUnblockTime
                0x0000000010000004        0x4 ./freertos/src/tasks.o
                0x0000000010000008                . = ALIGN (0x4)
                0x0000000010000008                _edata = .

.igot.plt       0x0000000010000008        0x0 load address 0x000000001a006108
 .igot.plt      0x0000000010000008        0x0 ./freertos/src/FreeRTOSCommonHooks.o

.bss_RAM2       0x0000000010080000        0x0
                [!provide]                        PROVIDE (__start_bss_RAM2, .)
 *(.bss.$RAM2*)
 *(.bss.$RamLoc40*)
                0x0000000010080000                . = ALIGN ((. != 0x0)?0x4:0x1)
                [!provide]                        PROVIDE (__end_bss_RAM2, .)

.bss_RAM3       0x0000000020000000        0x0
                [!provide]                        PROVIDE (__start_bss_RAM3, .)
 *(.bss.$RAM3*)
 *(.bss.$RamAHB32*)
                0x0000000020000000                . = ALIGN ((. != 0x0)?0x4:0x1)
                [!provide]                        PROVIDE (__end_bss_RAM3, .)

.bss_RAM4       0x0000000020008000        0x0
                [!provide]                        PROVIDE (__start_bss_RAM4, .)
 *(.bss.$RAM4*)
 *(.bss.$RamAHB16*)
                0x0000000020008000                . = ALIGN ((. != 0x0)?0x4:0x1)
                [!provide]                        PROVIDE (__end_bss_RAM4, .)

.bss_RAM5       0x000000002000c000        0x0
                [!provide]                        PROVIDE (__start_bss_RAM5, .)
 *(.bss.$RAM5*)
 *(.bss.$RamAHB_ETB16*)
                0x000000002000c000                . = ALIGN ((. != 0x0)?0x4:0x1)
                [!provide]                        PROVIDE (__end_bss_RAM5, .)

.bss            0x0000000010000008      0x2b4
                0x0000000010000008                _bss = .
 *(.bss*)
 .bss.ulTimerCountsForOneTick
                0x0000000010000008        0x4 ./freertos/src/port.o
 .bss.xMaximumPossibleSuppressedTicks
                0x000000001000000c        0x4 ./freertos/src/port.o
 .bss.ulStoppedTimerCompensation
                0x0000000010000010        0x4 ./freertos/src/port.o
 .bss.pxCurrentTCB
                0x0000000010000014        0x4 ./freertos/src/tasks.o
                0x0000000010000014                pxCurrentTCB
 .bss.pxReadyTasksLists
                0x0000000010000018       0xa0 ./freertos/src/tasks.o
 .bss.xDelayedTaskList1
                0x00000000100000b8       0x14 ./freertos/src/tasks.o
 .bss.xDelayedTaskList2
                0x00000000100000cc       0x14 ./freertos/src/tasks.o
 .bss.pxDelayedTaskList
                0x00000000100000e0        0x4 ./freertos/src/tasks.o
 .bss.pxOverflowDelayedTaskList
                0x00000000100000e4        0x4 ./freertos/src/tasks.o
 .bss.xPendingReadyList
                0x00000000100000e8       0x14 ./freertos/src/tasks.o
 .bss.xTasksWaitingTermination
                0x00000000100000fc       0x14 ./freertos/src/tasks.o
 .bss.uxTasksDeleted
                0x0000000010000110        0x4 ./freertos/src/tasks.o
 .bss.xSuspendedTaskList
                0x0000000010000114       0x14 ./freertos/src/tasks.o
 .bss.uxCurrentNumberOfTasks
                0x0000000010000128        0x4 ./freertos/src/tasks.o
 .bss.xTickCount
                0x000000001000012c        0x4 ./freertos/src/tasks.o
 .bss.uxTopReadyPriority
                0x0000000010000130        0x4 ./freertos/src/tasks.o
 .bss.xSchedulerRunning
                0x0000000010000134        0x4 ./freertos/src/tasks.o
 .bss.uxPendedTicks
                0x0000000010000138        0x4 ./freertos/src/tasks.o
 .bss.xYieldPending
                0x000000001000013c        0x4 ./freertos/src/tasks.o
 .bss.xNumOfOverflows
                0x0000000010000140        0x4 ./freertos/src/tasks.o
 .bss.uxTaskNumber
                0x0000000010000144        0x4 ./freertos/src/tasks.o
 .bss.uxSchedulerSuspended
                0x0000000010000148        0x4 ./freertos/src/tasks.o
 .bss.ADCSetup  0x000000001000014c        0x8 ./example/src/blink.o
 .bss.Burst_Mode_Flag
                0x0000000010000154        0x1 ./example/src/blink.o
 *fill*         0x0000000010000155        0x3 
 .bss.audio_usb_pll_freq
                0x0000000010000158        0x8 /Users/zoticus/Documents/LPCXpresso_8.1.4/workspace/lpc_chip_43xx/Debug/liblpc_chip_43xx.a(clock_18xx_43xx.o)
 .bss._extra    0x0000000010000160        0x4 /Applications/lpcxpresso_8.1.4_606/lpcxpresso/tools/bin/../lib/gcc/arm-none-eabi/5.2.1/../../../../arm-none-eabi/lib/armv7e-m/softfp/libcr_c.a(initio.o)
                0x0000000010000160                _extra
 .bss.__Ciob    0x0000000010000164      0x140 /Applications/lpcxpresso_8.1.4_606/lpcxpresso/tools/bin/../lib/gcc/arm-none-eabi/5.2.1/../../../../arm-none-eabi/lib/armv7e-m/softfp/libcr_c.a(stdio.o)
                0x0000000010000164                __Ciob
 .bss.__heaps   0x00000000100002a4        0x4 /Applications/lpcxpresso_8.1.4_606/lpcxpresso/tools/bin/../lib/gcc/arm-none-eabi/5.2.1/../../../../arm-none-eabi/lib/armv7e-m/softfp/libcr_c.a(__init_alloc.o)
                0x00000000100002a4                __heaps
 .bss.__end_of_heap
                0x00000000100002a8        0x4 /Applications/lpcxpresso_8.1.4_606/lpcxpresso/tools/bin/../lib/gcc/arm-none-eabi/5.2.1/../../../../arm-none-eabi/lib/armv7e-m/softfp/libcr_c.a(__init_alloc.o)
                0x00000000100002a8                __end_of_heap
 .bss.errno     0x00000000100002ac        0x4 /Applications/lpcxpresso_8.1.4_606/lpcxpresso/tools/bin/../lib/gcc/arm-none-eabi/5.2.1/../../../../arm-none-eabi/lib/armv7e-m/softfp/libcr_c.a(errno.o)
                0x00000000100002ac                errno
 *(COMMON)
 COMMON         0x00000000100002b0        0x8 ./example/src/blink.o
                0x00000000100002b0                DMAbuffer
                0x00000000100002b4                Time
 COMMON         0x00000000100002b8        0x4 /Users/zoticus/Documents/LPCXpresso_8.1.4/workspace/lpc_chip_43xx/Debug/liblpc_chip_43xx.a(chip_18xx_43xx.o)
                0x00000000100002b8                SystemCoreClock
                0x00000000100002bc                . = ALIGN (0x4)
                0x00000000100002bc                _ebss = .
                [!provide]                        PROVIDE (end, .)

.noinit_RAM2    0x0000000010080000        0x0
 *(.noinit.$RAM2*)
 *(.noinit.$RamLoc40*)
                0x0000000010080000                . = ALIGN (0x4)

.noinit_RAM3    0x0000000020000000        0x0
 *(.noinit.$RAM3*)
 *(.noinit.$RamAHB32*)
                0x0000000020000000                . = ALIGN (0x4)

.noinit_RAM4    0x0000000020008000        0x0
 *(.noinit.$RAM4*)
 *(.noinit.$RamAHB16*)
                0x0000000020008000                . = ALIGN (0x4)

.noinit_RAM5    0x000000002000c000        0x0
 *(.noinit.$RAM5*)
 *(.noinit.$RamAHB_ETB16*)
                0x000000002000c000                . = ALIGN (0x4)

.noinit         0x00000000100002bc        0x0
                0x00000000100002bc                _noinit = .
 *(.noinit*)
                0x00000000100002bc                . = ALIGN (0x4)
                0x00000000100002bc                _end_noinit = .
                0x00000000100002bc                PROVIDE (_pvHeapStart, DEFINED (__user_heap_base)?__user_heap_base:.)
                0x0000000010008000                PROVIDE (_vStackTop, DEFINED (__user_stack_top)?__user_stack_top:(__top_RamLoc32 - 0x0))
                [!provide]                        PROVIDE (__valid_user_code_checksum, (0x0 - ((((((_vStackTop + (ResetISR + 0x1)) + (NMI_Handler + 0x1)) + (HardFault_Handler + 0x1)) + (DEFINED (MemManage_Handler)?MemManage_Handler:0x0 + 0x1)) + (DEFINED (BusFault_Handler)?BusFault_Handler:0x0 + 0x1)) + (DEFINED (UsageFault_Handler)?UsageFault_Handler:0x0 + 0x1))))
OUTPUT(freertos_blinky.axf elf32-littlearm)

.debug_info     0x0000000000000000     0xa240
 .debug_info    0x0000000000000000      0x184 ./freertos/src/FreeRTOSCommonHooks.o
 .debug_info    0x0000000000000184      0x10e ./freertos/src/heap_3.o
 .debug_info    0x0000000000000292      0x2c4 ./freertos/src/list.o
 .debug_info    0x0000000000000556      0x7fa ./freertos/src/port.o
 .debug_info    0x0000000000000d50     0x1019 ./freertos/src/queue.o
 .debug_info    0x0000000000001d69       0x70 ./freertos/src/redlib_memfix.o
 .debug_info    0x0000000000001dd9     0x173e ./freertos/src/tasks.o
 .debug_info    0x0000000000003517      0xe43 ./example/src/blink.o
 .debug_info    0x000000000000435a      0x292 ./example/src/cr_startup_lpc43xx.o
 .debug_info    0x00000000000045ec       0xea ./example/src/sysinit.o
 .debug_info    0x00000000000046d6     0x1915 /Users/zoticus/Documents/LPCXpresso_8.1.4/workspace/lpc_board_nxp_lpcxpresso_4337/Debug/liblpc_board_nxp_lpcxpresso_4337.a(board.o)
 .debug_info    0x0000000000005feb      0xb41 /Users/zoticus/Documents/LPCXpresso_8.1.4/workspace/lpc_board_nxp_lpcxpresso_4337/Debug/liblpc_board_nxp_lpcxpresso_4337.a(board_sysinit.o)
 .debug_info    0x0000000000006b2c      0x952 /Users/zoticus/Documents/LPCXpresso_8.1.4/workspace/lpc_chip_43xx/Debug/liblpc_chip_43xx.a(adc_18xx_43xx.o)
 .debug_info    0x000000000000747e      0xa21 /Users/zoticus/Documents/LPCXpresso_8.1.4/workspace/lpc_chip_43xx/Debug/liblpc_chip_43xx.a(chip_18xx_43xx.o)
 .debug_info    0x0000000000007e9f     0x1566 /Users/zoticus/Documents/LPCXpresso_8.1.4/workspace/lpc_chip_43xx/Debug/liblpc_chip_43xx.a(clock_18xx_43xx.o)
 .debug_info    0x0000000000009405      0x128 /Users/zoticus/Documents/LPCXpresso_8.1.4/workspace/lpc_chip_43xx/Debug/liblpc_chip_43xx.a(fpu_init.o)
 .debug_info    0x000000000000952d      0x42b /Users/zoticus/Documents/LPCXpresso_8.1.4/workspace/lpc_chip_43xx/Debug/liblpc_chip_43xx.a(gpio_18xx_43xx.o)
 .debug_info    0x0000000000009958      0x8e8 /Users/zoticus/Documents/LPCXpresso_8.1.4/workspace/lpc_chip_43xx/Debug/liblpc_chip_43xx.a(sysinit_18xx_43xx.o)

.debug_abbrev   0x0000000000000000     0x1a7c
 .debug_abbrev  0x0000000000000000      0x111 ./freertos/src/FreeRTOSCommonHooks.o
 .debug_abbrev  0x0000000000000111       0xbc ./freertos/src/heap_3.o
 .debug_abbrev  0x00000000000001cd       0xdb ./freertos/src/list.o
 .debug_abbrev  0x00000000000002a8      0x1da ./freertos/src/port.o
 .debug_abbrev  0x0000000000000482      0x200 ./freertos/src/queue.o
 .debug_abbrev  0x0000000000000682       0x63 ./freertos/src/redlib_memfix.o
 .debug_abbrev  0x00000000000006e5      0x267 ./freertos/src/tasks.o
 .debug_abbrev  0x000000000000094c      0x1ed ./example/src/blink.o
 .debug_abbrev  0x0000000000000b39       0xed ./example/src/cr_startup_lpc43xx.o
 .debug_abbrev  0x0000000000000c26       0x9c ./example/src/sysinit.o
 .debug_abbrev  0x0000000000000cc2      0x31e /Users/zoticus/Documents/LPCXpresso_8.1.4/workspace/lpc_board_nxp_lpcxpresso_4337/Debug/liblpc_board_nxp_lpcxpresso_4337.a(board.o)
 .debug_abbrev  0x0000000000000fe0      0x19a /Users/zoticus/Documents/LPCXpresso_8.1.4/workspace/lpc_board_nxp_lpcxpresso_4337/Debug/liblpc_board_nxp_lpcxpresso_4337.a(board_sysinit.o)
 .debug_abbrev  0x000000000000117a      0x1bf /Users/zoticus/Documents/LPCXpresso_8.1.4/workspace/lpc_chip_43xx/Debug/liblpc_chip_43xx.a(adc_18xx_43xx.o)
 .debug_abbrev  0x0000000000001339      0x155 /Users/zoticus/Documents/LPCXpresso_8.1.4/workspace/lpc_chip_43xx/Debug/liblpc_chip_43xx.a(chip_18xx_43xx.o)
 .debug_abbrev  0x000000000000148e      0x2cb /Users/zoticus/Documents/LPCXpresso_8.1.4/workspace/lpc_chip_43xx/Debug/liblpc_chip_43xx.a(clock_18xx_43xx.o)
 .debug_abbrev  0x0000000000001759       0x84 /Users/zoticus/Documents/LPCXpresso_8.1.4/workspace/lpc_chip_43xx/Debug/liblpc_chip_43xx.a(fpu_init.o)
 .debug_abbrev  0x00000000000017dd      0x111 /Users/zoticus/Documents/LPCXpresso_8.1.4/workspace/lpc_chip_43xx/Debug/liblpc_chip_43xx.a(gpio_18xx_43xx.o)
 .debug_abbrev  0x00000000000018ee      0x18e /Users/zoticus/Documents/LPCXpresso_8.1.4/workspace/lpc_chip_43xx/Debug/liblpc_chip_43xx.a(sysinit_18xx_43xx.o)

.debug_aranges  0x0000000000000000      0x980
 .debug_aranges
                0x0000000000000000       0x40 ./freertos/src/FreeRTOSCommonHooks.o
 .debug_aranges
                0x0000000000000040       0x28 ./freertos/src/heap_3.o
 .debug_aranges
                0x0000000000000068       0x40 ./freertos/src/list.o
 .debug_aranges
                0x00000000000000a8       0x98 ./freertos/src/port.o
 .debug_aranges
                0x0000000000000140       0xf0 ./freertos/src/queue.o
 .debug_aranges
                0x0000000000000230       0x20 ./freertos/src/redlib_memfix.o
 .debug_aranges
                0x0000000000000250      0x190 ./freertos/src/tasks.o
 .debug_aranges
                0x00000000000003e0       0x70 ./example/src/blink.o
 .debug_aranges
                0x0000000000000450       0x80 ./example/src/cr_startup_lpc43xx.o
 .debug_aranges
                0x00000000000004d0       0x20 ./example/src/sysinit.o
 .debug_aranges
                0x00000000000004f0      0x160 /Users/zoticus/Documents/LPCXpresso_8.1.4/workspace/lpc_board_nxp_lpcxpresso_4337/Debug/liblpc_board_nxp_lpcxpresso_4337.a(board.o)
 .debug_aranges
                0x0000000000000650       0x48 /Users/zoticus/Documents/LPCXpresso_8.1.4/workspace/lpc_board_nxp_lpcxpresso_4337/Debug/liblpc_board_nxp_lpcxpresso_4337.a(board_sysinit.o)
 .debug_aranges
                0x0000000000000698       0x98 /Users/zoticus/Documents/LPCXpresso_8.1.4/workspace/lpc_chip_43xx/Debug/liblpc_chip_43xx.a(adc_18xx_43xx.o)
 .debug_aranges
                0x0000000000000730       0x40 /Users/zoticus/Documents/LPCXpresso_8.1.4/workspace/lpc_chip_43xx/Debug/liblpc_chip_43xx.a(chip_18xx_43xx.o)
 .debug_aranges
                0x0000000000000770      0x138 /Users/zoticus/Documents/LPCXpresso_8.1.4/workspace/lpc_chip_43xx/Debug/liblpc_chip_43xx.a(clock_18xx_43xx.o)
 .debug_aranges
                0x00000000000008a8       0x20 /Users/zoticus/Documents/LPCXpresso_8.1.4/workspace/lpc_chip_43xx/Debug/liblpc_chip_43xx.a(fpu_init.o)
 .debug_aranges
                0x00000000000008c8       0x68 /Users/zoticus/Documents/LPCXpresso_8.1.4/workspace/lpc_chip_43xx/Debug/liblpc_chip_43xx.a(gpio_18xx_43xx.o)
 .debug_aranges
                0x0000000000000930       0x50 /Users/zoticus/Documents/LPCXpresso_8.1.4/workspace/lpc_chip_43xx/Debug/liblpc_chip_43xx.a(sysinit_18xx_43xx.o)

.debug_ranges   0x0000000000000000      0x878
 .debug_ranges  0x0000000000000000       0x30 ./freertos/src/FreeRTOSCommonHooks.o
 .debug_ranges  0x0000000000000030       0x18 ./freertos/src/heap_3.o
 .debug_ranges  0x0000000000000048       0x30 ./freertos/src/list.o
 .debug_ranges  0x0000000000000078       0x88 ./freertos/src/port.o
 .debug_ranges  0x0000000000000100       0xe0 ./freertos/src/queue.o
 .debug_ranges  0x00000000000001e0       0x10 ./freertos/src/redlib_memfix.o
 .debug_ranges  0x00000000000001f0      0x180 ./freertos/src/tasks.o
 .debug_ranges  0x0000000000000370       0x60 ./example/src/blink.o
 .debug_ranges  0x00000000000003d0       0x70 ./example/src/cr_startup_lpc43xx.o
 .debug_ranges  0x0000000000000440       0x10 ./example/src/sysinit.o
 .debug_ranges  0x0000000000000450      0x150 /Users/zoticus/Documents/LPCXpresso_8.1.4/workspace/lpc_board_nxp_lpcxpresso_4337/Debug/liblpc_board_nxp_lpcxpresso_4337.a(board.o)
 .debug_ranges  0x00000000000005a0       0x38 /Users/zoticus/Documents/LPCXpresso_8.1.4/workspace/lpc_board_nxp_lpcxpresso_4337/Debug/liblpc_board_nxp_lpcxpresso_4337.a(board_sysinit.o)
 .debug_ranges  0x00000000000005d8       0x88 /Users/zoticus/Documents/LPCXpresso_8.1.4/workspace/lpc_chip_43xx/Debug/liblpc_chip_43xx.a(adc_18xx_43xx.o)
 .debug_ranges  0x0000000000000660       0x30 /Users/zoticus/Documents/LPCXpresso_8.1.4/workspace/lpc_chip_43xx/Debug/liblpc_chip_43xx.a(chip_18xx_43xx.o)
 .debug_ranges  0x0000000000000690      0x140 /Users/zoticus/Documents/LPCXpresso_8.1.4/workspace/lpc_chip_43xx/Debug/liblpc_chip_43xx.a(clock_18xx_43xx.o)
 .debug_ranges  0x00000000000007d0       0x10 /Users/zoticus/Documents/LPCXpresso_8.1.4/workspace/lpc_chip_43xx/Debug/liblpc_chip_43xx.a(fpu_init.o)
 .debug_ranges  0x00000000000007e0       0x58 /Users/zoticus/Documents/LPCXpresso_8.1.4/workspace/lpc_chip_43xx/Debug/liblpc_chip_43xx.a(gpio_18xx_43xx.o)
 .debug_ranges  0x0000000000000838       0x40 /Users/zoticus/Documents/LPCXpresso_8.1.4/workspace/lpc_chip_43xx/Debug/liblpc_chip_43xx.a(sysinit_18xx_43xx.o)

.debug_macro    0x0000000000000000     0x998c
 .debug_macro   0x0000000000000000      0x39b ./freertos/src/FreeRTOSCommonHooks.o
 .debug_macro   0x000000000000039b      0x8a4 ./freertos/src/FreeRTOSCommonHooks.o
 .debug_macro   0x0000000000000c3f       0x10 ./freertos/src/FreeRTOSCommonHooks.o
 .debug_macro   0x0000000000000c4f      0x12d ./freertos/src/FreeRTOSCommonHooks.o
 .debug_macro   0x0000000000000d7c       0x16 ./freertos/src/FreeRTOSCommonHooks.o
 .debug_macro   0x0000000000000d92      0x5b2 ./freertos/src/FreeRTOSCommonHooks.o
 .debug_macro   0x0000000000001344       0x40 ./freertos/src/FreeRTOSCommonHooks.o
 .debug_macro   0x0000000000001384       0x10 ./freertos/src/FreeRTOSCommonHooks.o
 .debug_macro   0x0000000000001394       0x22 ./freertos/src/FreeRTOSCommonHooks.o
 .debug_macro   0x00000000000013b6       0x74 ./freertos/src/FreeRTOSCommonHooks.o
 .debug_macro   0x000000000000142a       0x28 ./freertos/src/FreeRTOSCommonHooks.o
 .debug_macro   0x0000000000001452       0x3b ./freertos/src/FreeRTOSCommonHooks.o
 .debug_macro   0x000000000000148d       0x2d ./freertos/src/FreeRTOSCommonHooks.o
 .debug_macro   0x00000000000014ba       0x42 ./freertos/src/FreeRTOSCommonHooks.o
 .debug_macro   0x00000000000014fc      0xd39 ./freertos/src/FreeRTOSCommonHooks.o
 .debug_macro   0x0000000000002235      0x2bc ./freertos/src/FreeRTOSCommonHooks.o
 .debug_macro   0x00000000000024f1      0x112 ./freertos/src/FreeRTOSCommonHooks.o
 .debug_macro   0x0000000000002603       0x11 ./freertos/src/FreeRTOSCommonHooks.o
 .debug_macro   0x0000000000002614       0x2a ./freertos/src/FreeRTOSCommonHooks.o
 .debug_macro   0x000000000000263e       0x16 ./freertos/src/FreeRTOSCommonHooks.o
 .debug_macro   0x0000000000002654      0x2e6 ./freertos/src/FreeRTOSCommonHooks.o
 .debug_macro   0x000000000000293a       0x82 ./freertos/src/FreeRTOSCommonHooks.o
 .debug_macro   0x00000000000029bc      0x13d ./freertos/src/FreeRTOSCommonHooks.o
 .debug_macro   0x0000000000002af9      0x198 ./freertos/src/FreeRTOSCommonHooks.o
 .debug_macro   0x0000000000002c91       0x34 ./freertos/src/FreeRTOSCommonHooks.o
 .debug_macro   0x0000000000002cc5       0x58 ./freertos/src/FreeRTOSCommonHooks.o
 .debug_macro   0x0000000000002d1d      0x236 ./freertos/src/FreeRTOSCommonHooks.o
 .debug_macro   0x0000000000002f53      0x572 ./freertos/src/FreeRTOSCommonHooks.o
 .debug_macro   0x00000000000034c5       0x16 ./freertos/src/FreeRTOSCommonHooks.o
 .debug_macro   0x00000000000034db      0x18a ./freertos/src/FreeRTOSCommonHooks.o
 .debug_macro   0x0000000000003665       0x88 ./freertos/src/FreeRTOSCommonHooks.o
 .debug_macro   0x00000000000036ed      0x1b9 ./freertos/src/FreeRTOSCommonHooks.o
 .debug_macro   0x00000000000038a6      0x1da ./freertos/src/FreeRTOSCommonHooks.o
 .debug_macro   0x0000000000003a80       0x40 ./freertos/src/FreeRTOSCommonHooks.o
 .debug_macro   0x0000000000003ac0       0x1c ./freertos/src/FreeRTOSCommonHooks.o
 .debug_macro   0x0000000000003adc       0x2e ./freertos/src/FreeRTOSCommonHooks.o
 .debug_macro   0x0000000000003b0a       0x2e ./freertos/src/FreeRTOSCommonHooks.o
 .debug_macro   0x0000000000003b38       0x22 ./freertos/src/FreeRTOSCommonHooks.o
 .debug_macro   0x0000000000003b5a      0x201 ./freertos/src/FreeRTOSCommonHooks.o
 .debug_macro   0x0000000000003d5b       0xe0 ./freertos/src/FreeRTOSCommonHooks.o
 .debug_macro   0x0000000000003e3b      0x34c ./freertos/src/FreeRTOSCommonHooks.o
 .debug_macro   0x0000000000004187       0xdc ./freertos/src/FreeRTOSCommonHooks.o
 .debug_macro   0x0000000000004263       0xc4 ./freertos/src/FreeRTOSCommonHooks.o
 .debug_macro   0x0000000000004327       0x94 ./freertos/src/FreeRTOSCommonHooks.o
 .debug_macro   0x00000000000043bb       0xb8 ./freertos/src/FreeRTOSCommonHooks.o
 .debug_macro   0x0000000000004473       0x4c ./freertos/src/FreeRTOSCommonHooks.o
 .debug_macro   0x00000000000044bf       0x16 ./freertos/src/FreeRTOSCommonHooks.o
 .debug_macro   0x00000000000044d5      0x328 ./freertos/src/FreeRTOSCommonHooks.o
 .debug_macro   0x00000000000047fd       0x3a ./freertos/src/FreeRTOSCommonHooks.o
 .debug_macro   0x0000000000004837       0xd0 ./freertos/src/FreeRTOSCommonHooks.o
 .debug_macro   0x0000000000004907       0x11 ./freertos/src/FreeRTOSCommonHooks.o
 .debug_macro   0x0000000000004918       0x22 ./freertos/src/FreeRTOSCommonHooks.o
 .debug_macro   0x000000000000493a       0x40 ./freertos/src/FreeRTOSCommonHooks.o
 .debug_macro   0x000000000000497a       0xf6 ./freertos/src/FreeRTOSCommonHooks.o
 .debug_macro   0x0000000000004a70       0x9a ./freertos/src/FreeRTOSCommonHooks.o
 .debug_macro   0x0000000000004b0a       0x20 ./freertos/src/FreeRTOSCommonHooks.o
 .debug_macro   0x0000000000004b2a       0xef ./freertos/src/FreeRTOSCommonHooks.o
 .debug_macro   0x0000000000004c19       0xaf ./freertos/src/FreeRTOSCommonHooks.o
 .debug_macro   0x0000000000004cc8       0x12 ./freertos/src/FreeRTOSCommonHooks.o
 .debug_macro   0x0000000000004cda       0x1f ./freertos/src/FreeRTOSCommonHooks.o
 .debug_macro   0x0000000000004cf9      0x35a ./freertos/src/FreeRTOSCommonHooks.o
 .debug_macro   0x0000000000005053       0x79 ./freertos/src/FreeRTOSCommonHooks.o
 .debug_macro   0x00000000000050cc       0x69 ./freertos/src/FreeRTOSCommonHooks.o
 .debug_macro   0x0000000000005135      0x3ab ./freertos/src/heap_3.o
 .debug_macro   0x00000000000054e0      0x390 ./freertos/src/list.o
 .debug_macro   0x0000000000005870      0x434 ./freertos/src/port.o
 .debug_macro   0x0000000000005ca4      0x3f9 ./freertos/src/queue.o
 .debug_macro   0x000000000000609d       0xb0 ./freertos/src/queue.o
 .debug_macro   0x000000000000614d       0x17 ./freertos/src/redlib_memfix.o
 .debug_macro   0x0000000000006164      0x43c ./freertos/src/tasks.o
 .debug_macro   0x00000000000065a0       0x16 ./freertos/src/tasks.o
 .debug_macro   0x00000000000065b6      0x3ce ./example/src/blink.o
 .debug_macro   0x0000000000006984       0x7b ./example/src/blink.o
 .debug_macro   0x00000000000069ff       0x18 ./example/src/blink.o
 .debug_macro   0x0000000000006a17       0x10 ./example/src/blink.o
 .debug_macro   0x0000000000006a27       0xf5 ./example/src/blink.o
 .debug_macro   0x0000000000006b1c       0x7e ./example/src/blink.o
 .debug_macro   0x0000000000006b9a       0xc4 ./example/src/blink.o
 .debug_macro   0x0000000000006c5e       0x1d ./example/src/cr_startup_lpc43xx.o
 .debug_macro   0x0000000000006c7b      0x310 ./example/src/sysinit.o
 .debug_macro   0x0000000000006f8b      0x336 /Users/zoticus/Documents/LPCXpresso_8.1.4/workspace/lpc_board_nxp_lpcxpresso_4337/Debug/liblpc_board_nxp_lpcxpresso_4337.a(board.o)
 .debug_macro   0x00000000000072c1      0x8aa /Users/zoticus/Documents/LPCXpresso_8.1.4/workspace/lpc_board_nxp_lpcxpresso_4337/Debug/liblpc_board_nxp_lpcxpresso_4337.a(board.o)
 .debug_macro   0x0000000000007b6b       0x20 /Users/zoticus/Documents/LPCXpresso_8.1.4/workspace/lpc_board_nxp_lpcxpresso_4337/Debug/liblpc_board_nxp_lpcxpresso_4337.a(board.o)
 .debug_macro   0x0000000000007b8b       0x12 /Users/zoticus/Documents/LPCXpresso_8.1.4/workspace/lpc_board_nxp_lpcxpresso_4337/Debug/liblpc_board_nxp_lpcxpresso_4337.a(board.o)
 .debug_macro   0x0000000000007b9d      0x339 /Users/zoticus/Documents/LPCXpresso_8.1.4/workspace/lpc_board_nxp_lpcxpresso_4337/Debug/liblpc_board_nxp_lpcxpresso_4337.a(board.o)
 .debug_macro   0x0000000000007ed6      0x310 /Users/zoticus/Documents/LPCXpresso_8.1.4/workspace/lpc_board_nxp_lpcxpresso_4337/Debug/liblpc_board_nxp_lpcxpresso_4337.a(board_sysinit.o)
 .debug_macro   0x00000000000081e6      0x2da /Users/zoticus/Documents/LPCXpresso_8.1.4/workspace/lpc_chip_43xx/Debug/liblpc_chip_43xx.a(adc_18xx_43xx.o)
 .debug_macro   0x00000000000084c0      0x89e /Users/zoticus/Documents/LPCXpresso_8.1.4/workspace/lpc_chip_43xx/Debug/liblpc_chip_43xx.a(adc_18xx_43xx.o)
 .debug_macro   0x0000000000008d5e      0x2da /Users/zoticus/Documents/LPCXpresso_8.1.4/workspace/lpc_chip_43xx/Debug/liblpc_chip_43xx.a(chip_18xx_43xx.o)
 .debug_macro   0x0000000000009038      0x2e0 /Users/zoticus/Documents/LPCXpresso_8.1.4/workspace/lpc_chip_43xx/Debug/liblpc_chip_43xx.a(clock_18xx_43xx.o)
 .debug_macro   0x0000000000009318       0xc0 /Users/zoticus/Documents/LPCXpresso_8.1.4/workspace/lpc_chip_43xx/Debug/liblpc_chip_43xx.a(fpu_init.o)
 .debug_macro   0x00000000000093d8      0x2da /Users/zoticus/Documents/LPCXpresso_8.1.4/workspace/lpc_chip_43xx/Debug/liblpc_chip_43xx.a(gpio_18xx_43xx.o)
 .debug_macro   0x00000000000096b2      0x2da /Users/zoticus/Documents/LPCXpresso_8.1.4/workspace/lpc_chip_43xx/Debug/liblpc_chip_43xx.a(sysinit_18xx_43xx.o)

.debug_line     0x0000000000000000     0x84c3
 .debug_line    0x0000000000000000      0x80f ./freertos/src/FreeRTOSCommonHooks.o
 .debug_line    0x000000000000080f      0x7b4 ./freertos/src/heap_3.o
 .debug_line    0x0000000000000fc3      0x800 ./freertos/src/list.o
 .debug_line    0x00000000000017c3      0x901 ./freertos/src/port.o
 .debug_line    0x00000000000020c4      0xb24 ./freertos/src/queue.o
 .debug_line    0x0000000000002be8       0x52 ./freertos/src/redlib_memfix.o
 .debug_line    0x0000000000002c3a      0xf6c ./freertos/src/tasks.o
 .debug_line    0x0000000000003ba6      0x93c ./example/src/blink.o
 .debug_line    0x00000000000044e2      0x102 ./example/src/cr_startup_lpc43xx.o
 .debug_line    0x00000000000045e4      0x672 ./example/src/sysinit.o
 .debug_line    0x0000000000004c56      0xa09 /Users/zoticus/Documents/LPCXpresso_8.1.4/workspace/lpc_board_nxp_lpcxpresso_4337/Debug/liblpc_board_nxp_lpcxpresso_4337.a(board.o)
 .debug_line    0x000000000000565f      0x6f9 /Users/zoticus/Documents/LPCXpresso_8.1.4/workspace/lpc_board_nxp_lpcxpresso_4337/Debug/liblpc_board_nxp_lpcxpresso_4337.a(board_sysinit.o)
 .debug_line    0x0000000000005d58      0x741 /Users/zoticus/Documents/LPCXpresso_8.1.4/workspace/lpc_chip_43xx/Debug/liblpc_chip_43xx.a(adc_18xx_43xx.o)
 .debug_line    0x0000000000006499      0x65a /Users/zoticus/Documents/LPCXpresso_8.1.4/workspace/lpc_chip_43xx/Debug/liblpc_chip_43xx.a(chip_18xx_43xx.o)
 .debug_line    0x0000000000006af3      0xa57 /Users/zoticus/Documents/LPCXpresso_8.1.4/workspace/lpc_chip_43xx/Debug/liblpc_chip_43xx.a(clock_18xx_43xx.o)
 .debug_line    0x000000000000754a      0x206 /Users/zoticus/Documents/LPCXpresso_8.1.4/workspace/lpc_chip_43xx/Debug/liblpc_chip_43xx.a(fpu_init.o)
 .debug_line    0x0000000000007750      0x6ab /Users/zoticus/Documents/LPCXpresso_8.1.4/workspace/lpc_chip_43xx/Debug/liblpc_chip_43xx.a(gpio_18xx_43xx.o)
 .debug_line    0x0000000000007dfb      0x6c8 /Users/zoticus/Documents/LPCXpresso_8.1.4/workspace/lpc_chip_43xx/Debug/liblpc_chip_43xx.a(sysinit_18xx_43xx.o)

.debug_str      0x0000000000000000    0x1f3c0
 .debug_str     0x0000000000000000    0x17eaf ./freertos/src/FreeRTOSCommonHooks.o
                                      0x17fd1 (size before relaxing)
 .debug_str     0x0000000000017eaf      0x103 ./freertos/src/heap_3.o
                                      0x17fbe (size before relaxing)
 .debug_str     0x0000000000017fb2      0x139 ./freertos/src/list.o
                                      0x17cdf (size before relaxing)
 .debug_str     0x00000000000180eb     0x11e1 ./freertos/src/port.o
                                      0x19112 (size before relaxing)
 .debug_str     0x00000000000192cc     0x10ed ./freertos/src/queue.o
                                      0x19ba4 (size before relaxing)
 .debug_str     0x000000000001a3b9       0x62 ./freertos/src/redlib_memfix.o
                                       0x25dc (size before relaxing)
 .debug_str     0x000000000001a41b     0x165e ./freertos/src/tasks.o
                                      0x1a227 (size before relaxing)
 .debug_str     0x000000000001ba79     0x113c ./example/src/blink.o
                                      0x1a4a3 (size before relaxing)
 .debug_str     0x000000000001cbb5      0x1bb ./example/src/cr_startup_lpc43xx.o
                                       0x2762 (size before relaxing)
 .debug_str     0x000000000001cd70       0x23 ./example/src/sysinit.o
                                      0x15715 (size before relaxing)
 .debug_str     0x000000000001cd93     0x1975 /Users/zoticus/Documents/LPCXpresso_8.1.4/workspace/lpc_board_nxp_lpcxpresso_4337/Debug/liblpc_board_nxp_lpcxpresso_4337.a(board.o)
                                      0x17b6c (size before relaxing)
 .debug_str     0x000000000001e708      0x125 /Users/zoticus/Documents/LPCXpresso_8.1.4/workspace/lpc_board_nxp_lpcxpresso_4337/Debug/liblpc_board_nxp_lpcxpresso_4337.a(board_sysinit.o)
                                      0x164b2 (size before relaxing)
 .debug_str     0x000000000001e82d      0x2c8 /Users/zoticus/Documents/LPCXpresso_8.1.4/workspace/lpc_chip_43xx/Debug/liblpc_chip_43xx.a(adc_18xx_43xx.o)
                                      0x158dc (size before relaxing)
 .debug_str     0x000000000001eaf5       0xa1 /Users/zoticus/Documents/LPCXpresso_8.1.4/workspace/lpc_chip_43xx/Debug/liblpc_chip_43xx.a(chip_18xx_43xx.o)
                                      0x15dc4 (size before relaxing)
 .debug_str     0x000000000001eb96      0x5dd /Users/zoticus/Documents/LPCXpresso_8.1.4/workspace/lpc_chip_43xx/Debug/liblpc_chip_43xx.a(clock_18xx_43xx.o)
                                      0x16347 (size before relaxing)
 .debug_str     0x000000000001f173       0xb5 /Users/zoticus/Documents/LPCXpresso_8.1.4/workspace/lpc_chip_43xx/Debug/liblpc_chip_43xx.a(fpu_init.o)
                                       0x995d (size before relaxing)
 .debug_str     0x000000000001f228       0xe4 /Users/zoticus/Documents/LPCXpresso_8.1.4/workspace/lpc_chip_43xx/Debug/liblpc_chip_43xx.a(gpio_18xx_43xx.o)
                                      0x151c6 (size before relaxing)
 .debug_str     0x000000000001f30c       0xb4 /Users/zoticus/Documents/LPCXpresso_8.1.4/workspace/lpc_chip_43xx/Debug/liblpc_chip_43xx.a(sysinit_18xx_43xx.o)
                                      0x15d93 (size before relaxing)

.comment        0x0000000000000000       0x6e
 .comment       0x0000000000000000       0x6e ./freertos/src/FreeRTOSCommonHooks.o
                                         0x6f (size before relaxing)
 .comment       0x000000000000006e       0x6f ./freertos/src/heap_3.o
 .comment       0x000000000000006e       0x6f ./freertos/src/list.o
 .comment       0x000000000000006e       0x6f ./freertos/src/port.o
 .comment       0x000000000000006e       0x6f ./freertos/src/queue.o
 .comment       0x000000000000006e       0x6f ./freertos/src/redlib_memfix.o
 .comment       0x000000000000006e       0x6f ./freertos/src/tasks.o
 .comment       0x000000000000006e       0x6f ./example/src/blink.o
 .comment       0x000000000000006e       0x6f ./example/src/cr_startup_lpc43xx.o
 .comment       0x000000000000006e       0x6f ./example/src/sysinit.o
 .comment       0x000000000000006e       0x6f /Users/zoticus/Documents/LPCXpresso_8.1.4/workspace/lpc_board_nxp_lpcxpresso_4337/Debug/liblpc_board_nxp_lpcxpresso_4337.a(board.o)
 .comment       0x000000000000006e       0x6f /Users/zoticus/Documents/LPCXpresso_8.1.4/workspace/lpc_board_nxp_lpcxpresso_4337/Debug/liblpc_board_nxp_lpcxpresso_4337.a(board_sysinit.o)
 .comment       0x000000000000006e       0x6f /Users/zoticus/Documents/LPCXpresso_8.1.4/workspace/lpc_chip_43xx/Debug/liblpc_chip_43xx.a(adc_18xx_43xx.o)
 .comment       0x000000000000006e       0x6f /Users/zoticus/Documents/LPCXpresso_8.1.4/workspace/lpc_chip_43xx/Debug/liblpc_chip_43xx.a(chip_18xx_43xx.o)
 .comment       0x000000000000006e       0x6f /Users/zoticus/Documents/LPCXpresso_8.1.4/workspace/lpc_chip_43xx/Debug/liblpc_chip_43xx.a(clock_18xx_43xx.o)
 .comment       0x000000000000006e       0x6f /Users/zoticus/Documents/LPCXpresso_8.1.4/workspace/lpc_chip_43xx/Debug/liblpc_chip_43xx.a(fpu_init.o)
 .comment       0x000000000000006e       0x6f /Users/zoticus/Documents/LPCXpresso_8.1.4/workspace/lpc_chip_43xx/Debug/liblpc_chip_43xx.a(gpio_18xx_43xx.o)
 .comment       0x000000000000006e       0x6f /Users/zoticus/Documents/LPCXpresso_8.1.4/workspace/lpc_chip_43xx/Debug/liblpc_chip_43xx.a(sysinit_18xx_43xx.o)
 .comment       0x000000000000006e       0x6f /Applications/lpcxpresso_8.1.4_606/lpcxpresso/tools/bin/../lib/gcc/arm-none-eabi/5.2.1/../../../../arm-none-eabi/lib/armv7e-m/softfp/libcr_semihost.a(_cr__main.o)
 .comment       0x000000000000006e       0x6f /Applications/lpcxpresso_8.1.4_606/lpcxpresso/tools/bin/../lib/gcc/arm-none-eabi/5.2.1/../../../../arm-none-eabi/lib/armv7e-m/softfp/libcr_c.a(memcpy.o)
 .comment       0x000000000000006e       0x6f /Applications/lpcxpresso_8.1.4_606/lpcxpresso/tools/bin/../lib/gcc/arm-none-eabi/5.2.1/../../../../arm-none-eabi/lib/armv7e-m/softfp/libcr_c.a(memset.o)
 .comment       0x000000000000006e       0x6f /Applications/lpcxpresso_8.1.4_606/lpcxpresso/tools/bin/../lib/gcc/arm-none-eabi/5.2.1/../../../../arm-none-eabi/lib/armv7e-m/softfp/libcr_c.a(alloc.o)
 .comment       0x000000000000006e       0x6f /Applications/lpcxpresso_8.1.4_606/lpcxpresso/tools/bin/../lib/gcc/arm-none-eabi/5.2.1/../../../../arm-none-eabi/lib/armv7e-m/softfp/libcr_c.a(atan.o)
 .comment       0x000000000000006e       0x6f /Applications/lpcxpresso_8.1.4_606/lpcxpresso/tools/bin/../lib/gcc/arm-none-eabi/5.2.1/../../../../arm-none-eabi/lib/armv7e-m/softfp/libcr_c.a(fabs.o)
 .comment       0x000000000000006e       0x6f /Applications/lpcxpresso_8.1.4_606/lpcxpresso/tools/bin/../lib/gcc/arm-none-eabi/5.2.1/../../../../arm-none-eabi/lib/armv7e-m/softfp/libcr_c.a(fpprintf.o)
 .comment       0x000000000000006e       0x6f /Applications/lpcxpresso_8.1.4_606/lpcxpresso/tools/bin/../lib/gcc/arm-none-eabi/5.2.1/../../../../arm-none-eabi/lib/armv7e-m/softfp/libcr_c.a(initio.o)
 .comment       0x000000000000006e       0x6f /Applications/lpcxpresso_8.1.4_606/lpcxpresso/tools/bin/../lib/gcc/arm-none-eabi/5.2.1/../../../../arm-none-eabi/lib/armv7e-m/softfp/libcr_c.a(printf.o)
 .comment       0x000000000000006e       0x6f /Applications/lpcxpresso_8.1.4_606/lpcxpresso/tools/bin/../lib/gcc/arm-none-eabi/5.2.1/../../../../arm-none-eabi/lib/armv7e-m/softfp/libcr_c.a(setvbuf.o)
 .comment       0x000000000000006e       0x6f /Applications/lpcxpresso_8.1.4_606/lpcxpresso/tools/bin/../lib/gcc/arm-none-eabi/5.2.1/../../../../arm-none-eabi/lib/armv7e-m/softfp/libcr_c.a(stdio.o)
 .comment       0x000000000000006e       0x6f /Applications/lpcxpresso_8.1.4_606/lpcxpresso/tools/bin/../lib/gcc/arm-none-eabi/5.2.1/../../../../arm-none-eabi/lib/armv7e-m/softfp/libcr_c.a(strlen.o)
 .comment       0x000000000000006e       0x6f /Applications/lpcxpresso_8.1.4_606/lpcxpresso/tools/bin/../lib/gcc/arm-none-eabi/5.2.1/../../../../arm-none-eabi/lib/armv7e-m/softfp/libcr_c.a(__init_alloc.o)
 .comment       0x000000000000006e       0x6f /Applications/lpcxpresso_8.1.4_606/lpcxpresso/tools/bin/../lib/gcc/arm-none-eabi/5.2.1/../../../../arm-none-eabi/lib/armv7e-m/softfp/libcr_c.a(_cr_sbrk.o)
 .comment       0x000000000000006e       0x6f /Applications/lpcxpresso_8.1.4_606/lpcxpresso/tools/bin/../lib/gcc/arm-none-eabi/5.2.1/../../../../arm-none-eabi/lib/armv7e-m/softfp/libcr_c.a(_deferredlazyseek.o)
 .comment       0x000000000000006e       0x6f /Applications/lpcxpresso_8.1.4_606/lpcxpresso/tools/bin/../lib/gcc/arm-none-eabi/5.2.1/../../../../arm-none-eabi/lib/armv7e-m/softfp/libcr_c.a(_fdopen.o)
 .comment       0x000000000000006e       0x6f /Applications/lpcxpresso_8.1.4_606/lpcxpresso/tools/bin/../lib/gcc/arm-none-eabi/5.2.1/../../../../arm-none-eabi/lib/armv7e-m/softfp/libcr_c.a(_fflush.o)
 .comment       0x000000000000006e       0x6f /Applications/lpcxpresso_8.1.4_606/lpcxpresso/tools/bin/../lib/gcc/arm-none-eabi/5.2.1/../../../../arm-none-eabi/lib/armv7e-m/softfp/libcr_c.a(_frexpl.o)
 .comment       0x000000000000006e       0x6f /Applications/lpcxpresso_8.1.4_606/lpcxpresso/tools/bin/../lib/gcc/arm-none-eabi/5.2.1/../../../../arm-none-eabi/lib/armv7e-m/softfp/libcr_c.a(_ldexpl.o)
 .comment       0x000000000000006e       0x6f /Applications/lpcxpresso_8.1.4_606/lpcxpresso/tools/bin/../lib/gcc/arm-none-eabi/5.2.1/../../../../arm-none-eabi/lib/armv7e-m/softfp/libcr_c.a(_writebuf.o)
 .comment       0x000000000000006e       0x6f /Applications/lpcxpresso_8.1.4_606/lpcxpresso/tools/bin/../lib/gcc/arm-none-eabi/5.2.1/../../../../arm-none-eabi/lib/armv7e-m/softfp/libcr_c.a(errno.o)
 .comment       0x000000000000006e       0x6f /Applications/lpcxpresso_8.1.4_606/lpcxpresso/tools/bin/../lib/gcc/arm-none-eabi/5.2.1/../../../../arm-none-eabi/lib/armv7e-m/softfp/libcr_c.a(fclose.o)
 .comment       0x000000000000006e       0x6f /Applications/lpcxpresso_8.1.4_606/lpcxpresso/tools/bin/../lib/gcc/arm-none-eabi/5.2.1/../../../../arm-none-eabi/lib/armv7e-m/softfp/libcr_c.a(fflush.o)
 .comment       0x000000000000006e       0x6f /Applications/lpcxpresso_8.1.4_606/lpcxpresso/tools/bin/../lib/gcc/arm-none-eabi/5.2.1/../../../../arm-none-eabi/lib/armv7e-m/softfp/libcr_c.a(fseek.o)
 .comment       0x000000000000006e       0x6f /Applications/lpcxpresso_8.1.4_606/lpcxpresso/tools/bin/../lib/gcc/arm-none-eabi/5.2.1/../../../../arm-none-eabi/lib/armv7e-m/softfp/libcr_c.a(ftell.o)
 .comment       0x000000000000006e       0x6f /Applications/lpcxpresso_8.1.4_606/lpcxpresso/tools/bin/../lib/gcc/arm-none-eabi/5.2.1/../../../../arm-none-eabi/lib/armv7e-m/softfp/libcr_c.a(remove.o)
 .comment       0x000000000000006e       0x6f /Applications/lpcxpresso_8.1.4_606/lpcxpresso/tools/bin/../lib/gcc/arm-none-eabi/5.2.1/../../../../arm-none-eabi/lib/armv7e-m/softfp/libcr_c.a(_do_fflush.o)
 .comment       0x000000000000006e       0x6f /Applications/lpcxpresso_8.1.4_606/lpcxpresso/tools/bin/../lib/gcc/arm-none-eabi/5.2.1/../../../../arm-none-eabi/lib/armv7e-m/softfp/libcr_c.a(_hugeval.o)
 .comment       0x000000000000006e       0x6f /Applications/lpcxpresso_8.1.4_606/lpcxpresso/tools/bin/../lib/gcc/arm-none-eabi/5.2.1/armv7e-m/softfp/libcr_eabihelpers.a(double.o)

.ARM.attributes
                0x0000000000000000       0x35
 .ARM.attributes
                0x0000000000000000       0x37 ./freertos/src/FreeRTOSCommonHooks.o
 .ARM.attributes
                0x0000000000000037       0x37 ./freertos/src/heap_3.o
 .ARM.attributes
                0x000000000000006e       0x37 ./freertos/src/list.o
 .ARM.attributes
                0x00000000000000a5       0x37 ./freertos/src/port.o
 .ARM.attributes
                0x00000000000000dc       0x37 ./freertos/src/queue.o
 .ARM.attributes
                0x0000000000000113       0x37 ./freertos/src/redlib_memfix.o
 .ARM.attributes
                0x000000000000014a       0x37 ./freertos/src/tasks.o
 .ARM.attributes
                0x0000000000000181       0x37 ./example/src/blink.o
 .ARM.attributes
                0x00000000000001b8       0x37 ./example/src/cr_startup_lpc43xx.o
 .ARM.attributes
                0x00000000000001ef       0x37 ./example/src/sysinit.o
 .ARM.attributes
                0x0000000000000226       0x37 /Users/zoticus/Documents/LPCXpresso_8.1.4/workspace/lpc_board_nxp_lpcxpresso_4337/Debug/liblpc_board_nxp_lpcxpresso_4337.a(board.o)
 .ARM.attributes
                0x000000000000025d       0x37 /Users/zoticus/Documents/LPCXpresso_8.1.4/workspace/lpc_board_nxp_lpcxpresso_4337/Debug/liblpc_board_nxp_lpcxpresso_4337.a(board_sysinit.o)
 .ARM.attributes
                0x0000000000000294       0x37 /Users/zoticus/Documents/LPCXpresso_8.1.4/workspace/lpc_chip_43xx/Debug/liblpc_chip_43xx.a(adc_18xx_43xx.o)
 .ARM.attributes
                0x00000000000002cb       0x37 /Users/zoticus/Documents/LPCXpresso_8.1.4/workspace/lpc_chip_43xx/Debug/liblpc_chip_43xx.a(chip_18xx_43xx.o)
 .ARM.attributes
                0x0000000000000302       0x37 /Users/zoticus/Documents/LPCXpresso_8.1.4/workspace/lpc_chip_43xx/Debug/liblpc_chip_43xx.a(clock_18xx_43xx.o)
 .ARM.attributes
                0x0000000000000339       0x37 /Users/zoticus/Documents/LPCXpresso_8.1.4/workspace/lpc_chip_43xx/Debug/liblpc_chip_43xx.a(fpu_init.o)
 .ARM.attributes
                0x0000000000000370       0x37 /Users/zoticus/Documents/LPCXpresso_8.1.4/workspace/lpc_chip_43xx/Debug/liblpc_chip_43xx.a(gpio_18xx_43xx.o)
 .ARM.attributes
                0x00000000000003a7       0x37 /Users/zoticus/Documents/LPCXpresso_8.1.4/workspace/lpc_chip_43xx/Debug/liblpc_chip_43xx.a(sysinit_18xx_43xx.o)
 .ARM.attributes
                0x00000000000003de       0x37 /Applications/lpcxpresso_8.1.4_606/lpcxpresso/tools/bin/../lib/gcc/arm-none-eabi/5.2.1/../../../../arm-none-eabi/lib/armv7e-m/softfp/libcr_semihost.a(_cr__main.o)
 .ARM.attributes
                0x0000000000000415       0x37 /Applications/lpcxpresso_8.1.4_606/lpcxpresso/tools/bin/../lib/gcc/arm-none-eabi/5.2.1/../../../../arm-none-eabi/lib/armv7e-m/softfp/libcr_c.a(memcpy.o)
 .ARM.attributes
                0x000000000000044c       0x37 /Applications/lpcxpresso_8.1.4_606/lpcxpresso/tools/bin/../lib/gcc/arm-none-eabi/5.2.1/../../../../arm-none-eabi/lib/armv7e-m/softfp/libcr_c.a(memset.o)
 .ARM.attributes
                0x0000000000000483       0x37 /Applications/lpcxpresso_8.1.4_606/lpcxpresso/tools/bin/../lib/gcc/arm-none-eabi/5.2.1/../../../../arm-none-eabi/lib/armv7e-m/softfp/libcr_c.a(alloc.o)
 .ARM.attributes
                0x00000000000004ba       0x37 /Applications/lpcxpresso_8.1.4_606/lpcxpresso/tools/bin/../lib/gcc/arm-none-eabi/5.2.1/../../../../arm-none-eabi/lib/armv7e-m/softfp/libcr_c.a(atan.o)
 .ARM.attributes
                0x00000000000004f1       0x37 /Applications/lpcxpresso_8.1.4_606/lpcxpresso/tools/bin/../lib/gcc/arm-none-eabi/5.2.1/../../../../arm-none-eabi/lib/armv7e-m/softfp/libcr_c.a(fabs.o)
 .ARM.attributes